Archive member included to satisfy reference by file (symbol)

c:/program files (x86)/atmel/studio/7.0/toolchain/avr8/avr8-gnu-toolchain/bin/../lib/gcc/avr/5.4.0/../../../../avr/lib/avr5\libm.a(fixunssfsi.o)
                              MCAL/PWM/PWM.o (__fixunssfsi)
c:/program files (x86)/atmel/studio/7.0/toolchain/avr8/avr8-gnu-toolchain/bin/../lib/gcc/avr/5.4.0/../../../../avr/lib/avr5\libm.a(floatsisf.o)
                              MCAL/PWM/PWM.o (__floatsisf)
c:/program files (x86)/atmel/studio/7.0/toolchain/avr8/avr8-gnu-toolchain/bin/../lib/gcc/avr/5.4.0/../../../../avr/lib/avr5\libm.a(fp_split3.o)
                              c:/program files (x86)/atmel/studio/7.0/toolchain/avr8/avr8-gnu-toolchain/bin/../lib/gcc/avr/5.4.0/../../../../avr/lib/avr5\libm.a(fixunssfsi.o) (__fp_splitA)
c:/program files (x86)/atmel/studio/7.0/toolchain/avr8/avr8-gnu-toolchain/bin/../lib/gcc/avr/5.4.0/../../../../avr/lib/avr5\libm.a(fp_zero.o)
                              c:/program files (x86)/atmel/studio/7.0/toolchain/avr8/avr8-gnu-toolchain/bin/../lib/gcc/avr/5.4.0/../../../../avr/lib/avr5\libm.a(fixunssfsi.o) (__fp_zero)
c:/program files (x86)/atmel/studio/7.0/toolchain/avr8/avr8-gnu-toolchain/bin/../lib/gcc/avr/5.4.0/../../../../avr/lib/avr5\libm.a(mulsf3.o)
                              MCAL/PWM/PWM.o (__mulsf3)
c:/program files (x86)/atmel/studio/7.0/toolchain/avr8/avr8-gnu-toolchain/bin/../lib/gcc/avr/5.4.0/../../../../avr/lib/avr5\libm.a(mulsf3x.o)
                              c:/program files (x86)/atmel/studio/7.0/toolchain/avr8/avr8-gnu-toolchain/bin/../lib/gcc/avr/5.4.0/../../../../avr/lib/avr5\libm.a(mulsf3.o) (__mulsf3x)
c:/program files (x86)/atmel/studio/7.0/toolchain/avr8/avr8-gnu-toolchain/bin/../lib/gcc/avr/5.4.0/../../../../avr/lib/avr5\libm.a(fp_inf.o)
                              c:/program files (x86)/atmel/studio/7.0/toolchain/avr8/avr8-gnu-toolchain/bin/../lib/gcc/avr/5.4.0/../../../../avr/lib/avr5\libm.a(mulsf3x.o) (__fp_inf)
c:/program files (x86)/atmel/studio/7.0/toolchain/avr8/avr8-gnu-toolchain/bin/../lib/gcc/avr/5.4.0/../../../../avr/lib/avr5\libm.a(fp_nan.o)
                              c:/program files (x86)/atmel/studio/7.0/toolchain/avr8/avr8-gnu-toolchain/bin/../lib/gcc/avr/5.4.0/../../../../avr/lib/avr5\libm.a(mulsf3x.o) (__fp_nan)
c:/program files (x86)/atmel/studio/7.0/toolchain/avr8/avr8-gnu-toolchain/bin/../lib/gcc/avr/5.4.0/../../../../avr/lib/avr5\libm.a(fp_pscA.o)
                              c:/program files (x86)/atmel/studio/7.0/toolchain/avr8/avr8-gnu-toolchain/bin/../lib/gcc/avr/5.4.0/../../../../avr/lib/avr5\libm.a(mulsf3x.o) (__fp_pscA)
c:/program files (x86)/atmel/studio/7.0/toolchain/avr8/avr8-gnu-toolchain/bin/../lib/gcc/avr/5.4.0/../../../../avr/lib/avr5\libm.a(fp_pscB.o)
                              c:/program files (x86)/atmel/studio/7.0/toolchain/avr8/avr8-gnu-toolchain/bin/../lib/gcc/avr/5.4.0/../../../../avr/lib/avr5\libm.a(mulsf3x.o) (__fp_pscB)
c:/program files (x86)/atmel/studio/7.0/toolchain/avr8/avr8-gnu-toolchain/bin/../lib/gcc/avr/5.4.0/../../../../avr/lib/avr5\libm.a(fp_round.o)
                              c:/program files (x86)/atmel/studio/7.0/toolchain/avr8/avr8-gnu-toolchain/bin/../lib/gcc/avr/5.4.0/../../../../avr/lib/avr5\libm.a(mulsf3.o) (__fp_round)
c:/program files (x86)/atmel/studio/7.0/toolchain/avr8/avr8-gnu-toolchain/bin/../lib/gcc/avr/5.4.0/avr5\libgcc.a(_exit.o)
                              C:/Program Files (x86)/Atmel/Studio/7.0/Packs/atmel/ATmega_DFP/1.6.364/gcc/dev/atmega32/avr5/crtatmega32.o (exit)
c:/program files (x86)/atmel/studio/7.0/toolchain/avr8/avr8-gnu-toolchain/bin/../lib/gcc/avr/5.4.0/avr5\libgcc.a(_copy_data.o)
                              ECU/KEYPAD/KEYPAD.o (__do_copy_data)
c:/program files (x86)/atmel/studio/7.0/toolchain/avr8/avr8-gnu-toolchain/bin/../lib/gcc/avr/5.4.0/avr5\libgcc.a(_clear_bss.o)
                              main.o (__do_clear_bss)
c:/program files (x86)/atmel/studio/7.0/toolchain/avr8/avr8-gnu-toolchain/bin/../lib/gcc/avr/5.4.0/../../../../avr/lib/avr5\libc.a(ltoa.o)
                              ECU/LCD/LCD.o (ltoa)
c:/program files (x86)/atmel/studio/7.0/toolchain/avr8/avr8-gnu-toolchain/bin/../lib/gcc/avr/5.4.0/../../../../avr/lib/avr5\libc.a(ltoa_ncheck.o)
                              c:/program files (x86)/atmel/studio/7.0/toolchain/avr8/avr8-gnu-toolchain/bin/../lib/gcc/avr/5.4.0/../../../../avr/lib/avr5\libc.a(ltoa.o) (__ltoa_ncheck)
c:/program files (x86)/atmel/studio/7.0/toolchain/avr8/avr8-gnu-toolchain/bin/../lib/gcc/avr/5.4.0/../../../../avr/lib/avr5\libc.a(ultoa_ncheck.o)
                              c:/program files (x86)/atmel/studio/7.0/toolchain/avr8/avr8-gnu-toolchain/bin/../lib/gcc/avr/5.4.0/../../../../avr/lib/avr5\libc.a(ltoa_ncheck.o) (__ultoa_common)
c:/program files (x86)/atmel/studio/7.0/toolchain/avr8/avr8-gnu-toolchain/bin/../lib/gcc/avr/5.4.0/../../../../avr/lib/avr5\libc.a(strrev.o)
                              c:/program files (x86)/atmel/studio/7.0/toolchain/avr8/avr8-gnu-toolchain/bin/../lib/gcc/avr/5.4.0/../../../../avr/lib/avr5\libc.a(ultoa_ncheck.o) (strrev)

Allocating common symbols
Common symbol       size              file

x                   0x1               main.o

Discarded input sections

 .data          0x00000000        0x0 C:/Program Files (x86)/Atmel/Studio/7.0/Packs/atmel/ATmega_DFP/1.6.364/gcc/dev/atmega32/avr5/crtatmega32.o
 .bss           0x00000000        0x0 C:/Program Files (x86)/Atmel/Studio/7.0/Packs/atmel/ATmega_DFP/1.6.364/gcc/dev/atmega32/avr5/crtatmega32.o
 .text          0x00000000        0x0 ECU/BUZZER/BUZZER.o
 .data          0x00000000        0x0 ECU/BUZZER/BUZZER.o
 .bss           0x00000000        0x0 ECU/BUZZER/BUZZER.o
 .text          0x00000000        0x0 ECU/KEYPAD/KEYPAD.o
 .data          0x00000000        0x0 ECU/KEYPAD/KEYPAD.o
 .bss           0x00000000        0x0 ECU/KEYPAD/KEYPAD.o
 .text.KEYPAD_Init
                0x00000000       0x92 ECU/KEYPAD/KEYPAD.o
 .text.KEYPAD_READ
                0x00000000       0x74 ECU/KEYPAD/KEYPAD.o
 .rodata.KEYPAD
                0x00000000       0x10 ECU/KEYPAD/KEYPAD.o
 .debug_info    0x00000000      0x461 ECU/KEYPAD/KEYPAD.o
 .debug_abbrev  0x00000000      0x16d ECU/KEYPAD/KEYPAD.o
 .debug_loc     0x00000000      0x120 ECU/KEYPAD/KEYPAD.o
 .debug_aranges
                0x00000000       0x28 ECU/KEYPAD/KEYPAD.o
 .debug_ranges  0x00000000       0x18 ECU/KEYPAD/KEYPAD.o
 .debug_line    0x00000000      0x24f ECU/KEYPAD/KEYPAD.o
 .debug_str     0x00000000      0x2a7 ECU/KEYPAD/KEYPAD.o
 .comment       0x00000000       0x31 ECU/KEYPAD/KEYPAD.o
 .debug_frame   0x00000000       0x44 ECU/KEYPAD/KEYPAD.o
 .text          0x00000000        0x0 ECU/LCD/LCD.o
 .data          0x00000000        0x0 ECU/LCD/LCD.o
 .bss           0x00000000        0x0 ECU/LCD/LCD.o
 .text          0x00000000        0x0 ECU/LED/LED.o
 .data          0x00000000        0x0 ECU/LED/LED.o
 .bss           0x00000000        0x0 ECU/LED/LED.o
 .text          0x00000000        0x0 ECU/SEV_SEG/SEV_SEG.o
 .data          0x00000000        0x0 ECU/SEV_SEG/SEV_SEG.o
 .bss           0x00000000        0x0 ECU/SEV_SEG/SEV_SEG.o
 .text.SEVSEG_Init
                0x00000000       0x48 ECU/SEV_SEG/SEV_SEG.o
 .text.SEVSEG_ENB1
                0x00000000        0xa ECU/SEV_SEG/SEV_SEG.o
 .text.SEVSEG_DIS1
                0x00000000        0xa ECU/SEV_SEG/SEV_SEG.o
 .text.SEVSEG_ENB2
                0x00000000        0xa ECU/SEV_SEG/SEV_SEG.o
 .text.SEVSEG_DIS2
                0x00000000        0xa ECU/SEV_SEG/SEV_SEG.o
 .text.SEVSEG_DIP_EN
                0x00000000        0xa ECU/SEV_SEG/SEV_SEG.o
 .text.SEVSEG_DIP_DS
                0x00000000        0xa ECU/SEV_SEG/SEV_SEG.o
 .text.SEV_SEG_DISPLAY
                0x00000000       0x78 ECU/SEV_SEG/SEV_SEG.o
 .debug_info    0x00000000      0x440 ECU/SEV_SEG/SEV_SEG.o
 .debug_abbrev  0x00000000      0x14c ECU/SEV_SEG/SEV_SEG.o
 .debug_loc     0x00000000      0x16f ECU/SEV_SEG/SEV_SEG.o
 .debug_aranges
                0x00000000       0x58 ECU/SEV_SEG/SEV_SEG.o
 .debug_ranges  0x00000000       0x48 ECU/SEV_SEG/SEV_SEG.o
 .debug_line    0x00000000      0x27a ECU/SEV_SEG/SEV_SEG.o
 .debug_str     0x00000000      0x2da ECU/SEV_SEG/SEV_SEG.o
 .comment       0x00000000       0x31 ECU/SEV_SEG/SEV_SEG.o
 .debug_frame   0x00000000       0xa0 ECU/SEV_SEG/SEV_SEG.o
 .text          0x00000000        0x0 ECU/SWITCH/SWITCH.o
 .data          0x00000000        0x0 ECU/SWITCH/SWITCH.o
 .bss           0x00000000        0x0 ECU/SWITCH/SWITCH.o
 .text.SWITCH_Init
                0x00000000       0x30 ECU/SWITCH/SWITCH.o
 .text.SWITCH_Read
                0x00000000       0x2e ECU/SWITCH/SWITCH.o
 .debug_info    0x00000000      0x21a ECU/SWITCH/SWITCH.o
 .debug_abbrev  0x00000000       0xd0 ECU/SWITCH/SWITCH.o
 .debug_loc     0x00000000      0x123 ECU/SWITCH/SWITCH.o
 .debug_aranges
                0x00000000       0x28 ECU/SWITCH/SWITCH.o
 .debug_ranges  0x00000000       0x18 ECU/SWITCH/SWITCH.o
 .debug_line    0x00000000      0x109 ECU/SWITCH/SWITCH.o
 .debug_str     0x00000000      0x228 ECU/SWITCH/SWITCH.o
 .comment       0x00000000       0x31 ECU/SWITCH/SWITCH.o
 .debug_frame   0x00000000       0x34 ECU/SWITCH/SWITCH.o
 .text          0x00000000        0x0 main.o
 .data          0x00000000        0x0 main.o
 .bss           0x00000000        0x0 main.o
 .text          0x00000000        0x0 MCAL/ADC/ADC.o
 .data          0x00000000        0x0 MCAL/ADC/ADC.o
 .bss           0x00000000        0x0 MCAL/ADC/ADC.o
 .text.SET_ADC_INT_ISR_Handler
                0x00000000        0xe MCAL/ADC/ADC.o
 .text.ADC_InterruptEnable
                0x00000000        0xe MCAL/ADC/ADC.o
 .text.ADC_InterruptDisable
                0x00000000        0x8 MCAL/ADC/ADC.o
 .text.ADC_StartConversion
                0x00000000       0x26 MCAL/ADC/ADC.o
 .text.ADC_ReadValue_NotBlock
                0x00000000       0x10 MCAL/ADC/ADC.o
 .text.ADC_TriggerByPeripheral
                0x00000000       0x1c MCAL/ADC/ADC.o
 .bss.ADC_INT_ISR
                0x00000000        0x2 MCAL/ADC/ADC.o
 .text          0x00000000        0x0 MCAL/DIO/DIO.o
 .data          0x00000000        0x0 MCAL/DIO/DIO.o
 .bss           0x00000000        0x0 MCAL/DIO/DIO.o
 .text.DIO_GetValue
                0x00000000       0x7e MCAL/DIO/DIO.o
 .text          0x00000000        0x0 MCAL/EEPROM/EEPROM.o
 .data          0x00000000        0x0 MCAL/EEPROM/EEPROM.o
 .bss           0x00000000        0x0 MCAL/EEPROM/EEPROM.o
 .text          0x00000000        0x0 MCAL/EXT_INT/EXT_INT.o
 .data          0x00000000        0x0 MCAL/EXT_INT/EXT_INT.o
 .bss           0x00000000        0x0 MCAL/EXT_INT/EXT_INT.o
 .text.SET_EXT_INT0_ISR_Handler
                0x00000000        0xe MCAL/EXT_INT/EXT_INT.o
 .text.SET_EXT_INT1_ISR_Handler
                0x00000000        0xe MCAL/EXT_INT/EXT_INT.o
 .text.SET_EXT_INT2_ISR_Handler
                0x00000000        0xe MCAL/EXT_INT/EXT_INT.o
 .text.GLOBAL_INTERRUPT_Enable
                0x00000000        0x8 MCAL/EXT_INT/EXT_INT.o
 .text.GLOBAL_INTERRUPT_Disable
                0x00000000        0x8 MCAL/EXT_INT/EXT_INT.o
 .text.EXT_INTERRUPT0_Init
                0x00000000       0x1c MCAL/EXT_INT/EXT_INT.o
 .text.EXT_INTERRUPT1_Init
                0x00000000        0x2 MCAL/EXT_INT/EXT_INT.o
 .text.EXT_INTERRUPT2_Init
                0x00000000        0x2 MCAL/EXT_INT/EXT_INT.o
 .text          0x00000000        0x0 MCAL/PWM/PWM.o
 .data          0x00000000        0x0 MCAL/PWM/PWM.o
 .bss           0x00000000        0x0 MCAL/PWM/PWM.o
 .text.PWM_Stop
                0x00000000       0x30 MCAL/PWM/PWM.o
 .text          0x00000000        0x0 MCAL/Timer/TIMER.o
 .data          0x00000000        0x0 MCAL/Timer/TIMER.o
 .bss           0x00000000        0x0 MCAL/Timer/TIMER.o
 .text.TIMER_Init
                0x00000000       0x7e MCAL/Timer/TIMER.o
 .text.TIMER_Read_Counter_Value
                0x00000000       0x10 MCAL/Timer/TIMER.o
 .text.TIMER_Set_Counter_Value
                0x00000000        0x8 MCAL/Timer/TIMER.o
 .text.TIMER_Set_OCR_Value
                0x00000000        0x8 MCAL/Timer/TIMER.o
 .text.SET_TMR0_OVF_INT_ISR_Handler
                0x00000000        0xe MCAL/Timer/TIMER.o
 .text.SET_TMR0_OC_INT_ISR_Handler
                0x00000000        0xe MCAL/Timer/TIMER.o
 .text          0x00000000        0x0 MCAL/TWI/TWI.o
 .data          0x00000000        0x0 MCAL/TWI/TWI.o
 .bss           0x00000000        0x0 MCAL/TWI/TWI.o
 .text.Call_Back_LCD_Write_String
                0x00000000        0xa MCAL/TWI/TWI.o
 .text.Call_Back_LCD_Clear
                0x00000000        0xa MCAL/TWI/TWI.o
 .text.TWI_SLAVE_INIT
                0x00000000        0xc MCAL/TWI/TWI.o
 .data.ss7      0x00000000       0x10 MCAL/TWI/TWI.o
 .data.ss6      0x00000000        0xd MCAL/TWI/TWI.o
 .data.ss5      0x00000000       0x11 MCAL/TWI/TWI.o
 .data.ss4      0x00000000       0x11 MCAL/TWI/TWI.o
 .data.ss3      0x00000000       0x11 MCAL/TWI/TWI.o
 .data.ss2      0x00000000       0x10 MCAL/TWI/TWI.o
 .data.ss1      0x00000000        0x9 MCAL/TWI/TWI.o
 .bss.p2        0x00000000        0x2 MCAL/TWI/TWI.o
 .bss.p1        0x00000000        0x2 MCAL/TWI/TWI.o
 .text          0x00000000        0x0 MCAL/UART/UART.o
 .data          0x00000000        0x0 MCAL/UART/UART.o
 .bss           0x00000000        0x0 MCAL/UART/UART.o
 .text.UART_Tx  0x00000000        0x8 MCAL/UART/UART.o
 .text.UART_Tx_String
                0x00000000        0x2 MCAL/UART/UART.o
 .text          0x00000000        0x0 c:/program files (x86)/atmel/studio/7.0/toolchain/avr8/avr8-gnu-toolchain/bin/../lib/gcc/avr/5.4.0/../../../../avr/lib/avr5\libm.a(fixunssfsi.o)
 .data          0x00000000        0x0 c:/program files (x86)/atmel/studio/7.0/toolchain/avr8/avr8-gnu-toolchain/bin/../lib/gcc/avr/5.4.0/../../../../avr/lib/avr5\libm.a(fixunssfsi.o)
 .bss           0x00000000        0x0 c:/program files (x86)/atmel/studio/7.0/toolchain/avr8/avr8-gnu-toolchain/bin/../lib/gcc/avr/5.4.0/../../../../avr/lib/avr5\libm.a(fixunssfsi.o)
 .text          0x00000000        0x0 c:/program files (x86)/atmel/studio/7.0/toolchain/avr8/avr8-gnu-toolchain/bin/../lib/gcc/avr/5.4.0/../../../../avr/lib/avr5\libm.a(floatsisf.o)
 .data          0x00000000        0x0 c:/program files (x86)/atmel/studio/7.0/toolchain/avr8/avr8-gnu-toolchain/bin/../lib/gcc/avr/5.4.0/../../../../avr/lib/avr5\libm.a(floatsisf.o)
 .bss           0x00000000        0x0 c:/program files (x86)/atmel/studio/7.0/toolchain/avr8/avr8-gnu-toolchain/bin/../lib/gcc/avr/5.4.0/../../../../avr/lib/avr5\libm.a(floatsisf.o)
 .text          0x00000000        0x0 c:/program files (x86)/atmel/studio/7.0/toolchain/avr8/avr8-gnu-toolchain/bin/../lib/gcc/avr/5.4.0/../../../../avr/lib/avr5\libm.a(fp_split3.o)
 .data          0x00000000        0x0 c:/program files (x86)/atmel/studio/7.0/toolchain/avr8/avr8-gnu-toolchain/bin/../lib/gcc/avr/5.4.0/../../../../avr/lib/avr5\libm.a(fp_split3.o)
 .bss           0x00000000        0x0 c:/program files (x86)/atmel/studio/7.0/toolchain/avr8/avr8-gnu-toolchain/bin/../lib/gcc/avr/5.4.0/../../../../avr/lib/avr5\libm.a(fp_split3.o)
 .text          0x00000000        0x0 c:/program files (x86)/atmel/studio/7.0/toolchain/avr8/avr8-gnu-toolchain/bin/../lib/gcc/avr/5.4.0/../../../../avr/lib/avr5\libm.a(fp_zero.o)
 .data          0x00000000        0x0 c:/program files (x86)/atmel/studio/7.0/toolchain/avr8/avr8-gnu-toolchain/bin/../lib/gcc/avr/5.4.0/../../../../avr/lib/avr5\libm.a(fp_zero.o)
 .bss           0x00000000        0x0 c:/program files (x86)/atmel/studio/7.0/toolchain/avr8/avr8-gnu-toolchain/bin/../lib/gcc/avr/5.4.0/../../../../avr/lib/avr5\libm.a(fp_zero.o)
 .text          0x00000000        0x0 c:/program files (x86)/atmel/studio/7.0/toolchain/avr8/avr8-gnu-toolchain/bin/../lib/gcc/avr/5.4.0/../../../../avr/lib/avr5\libm.a(mulsf3.o)
 .data          0x00000000        0x0 c:/program files (x86)/atmel/studio/7.0/toolchain/avr8/avr8-gnu-toolchain/bin/../lib/gcc/avr/5.4.0/../../../../avr/lib/avr5\libm.a(mulsf3.o)
 .bss           0x00000000        0x0 c:/program files (x86)/atmel/studio/7.0/toolchain/avr8/avr8-gnu-toolchain/bin/../lib/gcc/avr/5.4.0/../../../../avr/lib/avr5\libm.a(mulsf3.o)
 .text          0x00000000        0x0 c:/program files (x86)/atmel/studio/7.0/toolchain/avr8/avr8-gnu-toolchain/bin/../lib/gcc/avr/5.4.0/../../../../avr/lib/avr5\libm.a(mulsf3x.o)
 .data          0x00000000        0x0 c:/program files (x86)/atmel/studio/7.0/toolchain/avr8/avr8-gnu-toolchain/bin/../lib/gcc/avr/5.4.0/../../../../avr/lib/avr5\libm.a(mulsf3x.o)
 .bss           0x00000000        0x0 c:/program files (x86)/atmel/studio/7.0/toolchain/avr8/avr8-gnu-toolchain/bin/../lib/gcc/avr/5.4.0/../../../../avr/lib/avr5\libm.a(mulsf3x.o)
 .text          0x00000000        0x0 c:/program files (x86)/atmel/studio/7.0/toolchain/avr8/avr8-gnu-toolchain/bin/../lib/gcc/avr/5.4.0/../../../../avr/lib/avr5\libm.a(fp_inf.o)
 .data          0x00000000        0x0 c:/program files (x86)/atmel/studio/7.0/toolchain/avr8/avr8-gnu-toolchain/bin/../lib/gcc/avr/5.4.0/../../../../avr/lib/avr5\libm.a(fp_inf.o)
 .bss           0x00000000        0x0 c:/program files (x86)/atmel/studio/7.0/toolchain/avr8/avr8-gnu-toolchain/bin/../lib/gcc/avr/5.4.0/../../../../avr/lib/avr5\libm.a(fp_inf.o)
 .text          0x00000000        0x0 c:/program files (x86)/atmel/studio/7.0/toolchain/avr8/avr8-gnu-toolchain/bin/../lib/gcc/avr/5.4.0/../../../../avr/lib/avr5\libm.a(fp_nan.o)
 .data          0x00000000        0x0 c:/program files (x86)/atmel/studio/7.0/toolchain/avr8/avr8-gnu-toolchain/bin/../lib/gcc/avr/5.4.0/../../../../avr/lib/avr5\libm.a(fp_nan.o)
 .bss           0x00000000        0x0 c:/program files (x86)/atmel/studio/7.0/toolchain/avr8/avr8-gnu-toolchain/bin/../lib/gcc/avr/5.4.0/../../../../avr/lib/avr5\libm.a(fp_nan.o)
 .text          0x00000000        0x0 c:/program files (x86)/atmel/studio/7.0/toolchain/avr8/avr8-gnu-toolchain/bin/../lib/gcc/avr/5.4.0/../../../../avr/lib/avr5\libm.a(fp_pscA.o)
 .data          0x00000000        0x0 c:/program files (x86)/atmel/studio/7.0/toolchain/avr8/avr8-gnu-toolchain/bin/../lib/gcc/avr/5.4.0/../../../../avr/lib/avr5\libm.a(fp_pscA.o)
 .bss           0x00000000        0x0 c:/program files (x86)/atmel/studio/7.0/toolchain/avr8/avr8-gnu-toolchain/bin/../lib/gcc/avr/5.4.0/../../../../avr/lib/avr5\libm.a(fp_pscA.o)
 .text          0x00000000        0x0 c:/program files (x86)/atmel/studio/7.0/toolchain/avr8/avr8-gnu-toolchain/bin/../lib/gcc/avr/5.4.0/../../../../avr/lib/avr5\libm.a(fp_pscB.o)
 .data          0x00000000        0x0 c:/program files (x86)/atmel/studio/7.0/toolchain/avr8/avr8-gnu-toolchain/bin/../lib/gcc/avr/5.4.0/../../../../avr/lib/avr5\libm.a(fp_pscB.o)
 .bss           0x00000000        0x0 c:/program files (x86)/atmel/studio/7.0/toolchain/avr8/avr8-gnu-toolchain/bin/../lib/gcc/avr/5.4.0/../../../../avr/lib/avr5\libm.a(fp_pscB.o)
 .text          0x00000000        0x0 c:/program files (x86)/atmel/studio/7.0/toolchain/avr8/avr8-gnu-toolchain/bin/../lib/gcc/avr/5.4.0/../../../../avr/lib/avr5\libm.a(fp_round.o)
 .data          0x00000000        0x0 c:/program files (x86)/atmel/studio/7.0/toolchain/avr8/avr8-gnu-toolchain/bin/../lib/gcc/avr/5.4.0/../../../../avr/lib/avr5\libm.a(fp_round.o)
 .bss           0x00000000        0x0 c:/program files (x86)/atmel/studio/7.0/toolchain/avr8/avr8-gnu-toolchain/bin/../lib/gcc/avr/5.4.0/../../../../avr/lib/avr5\libm.a(fp_round.o)
 .text          0x00000000        0x0 c:/program files (x86)/atmel/studio/7.0/toolchain/avr8/avr8-gnu-toolchain/bin/../lib/gcc/avr/5.4.0/avr5\libgcc.a(_exit.o)
 .data          0x00000000        0x0 c:/program files (x86)/atmel/studio/7.0/toolchain/avr8/avr8-gnu-toolchain/bin/../lib/gcc/avr/5.4.0/avr5\libgcc.a(_exit.o)
 .bss           0x00000000        0x0 c:/program files (x86)/atmel/studio/7.0/toolchain/avr8/avr8-gnu-toolchain/bin/../lib/gcc/avr/5.4.0/avr5\libgcc.a(_exit.o)
 .text.libgcc.mul
                0x00000000        0x0 c:/program files (x86)/atmel/studio/7.0/toolchain/avr8/avr8-gnu-toolchain/bin/../lib/gcc/avr/5.4.0/avr5\libgcc.a(_exit.o)
 .text.libgcc.div
                0x00000000        0x0 c:/program files (x86)/atmel/studio/7.0/toolchain/avr8/avr8-gnu-toolchain/bin/../lib/gcc/avr/5.4.0/avr5\libgcc.a(_exit.o)
 .text.libgcc   0x00000000        0x0 c:/program files (x86)/atmel/studio/7.0/toolchain/avr8/avr8-gnu-toolchain/bin/../lib/gcc/avr/5.4.0/avr5\libgcc.a(_exit.o)
 .text.libgcc.prologue
                0x00000000        0x0 c:/program files (x86)/atmel/studio/7.0/toolchain/avr8/avr8-gnu-toolchain/bin/../lib/gcc/avr/5.4.0/avr5\libgcc.a(_exit.o)
 .text.libgcc.builtins
                0x00000000        0x0 c:/program files (x86)/atmel/studio/7.0/toolchain/avr8/avr8-gnu-toolchain/bin/../lib/gcc/avr/5.4.0/avr5\libgcc.a(_exit.o)
 .text.libgcc.fmul
                0x00000000        0x0 c:/program files (x86)/atmel/studio/7.0/toolchain/avr8/avr8-gnu-toolchain/bin/../lib/gcc/avr/5.4.0/avr5\libgcc.a(_exit.o)
 .text.libgcc.fixed
                0x00000000        0x0 c:/program files (x86)/atmel/studio/7.0/toolchain/avr8/avr8-gnu-toolchain/bin/../lib/gcc/avr/5.4.0/avr5\libgcc.a(_exit.o)
 .text          0x00000000        0x0 c:/program files (x86)/atmel/studio/7.0/toolchain/avr8/avr8-gnu-toolchain/bin/../lib/gcc/avr/5.4.0/avr5\libgcc.a(_copy_data.o)
 .data          0x00000000        0x0 c:/program files (x86)/atmel/studio/7.0/toolchain/avr8/avr8-gnu-toolchain/bin/../lib/gcc/avr/5.4.0/avr5\libgcc.a(_copy_data.o)
 .bss           0x00000000        0x0 c:/program files (x86)/atmel/studio/7.0/toolchain/avr8/avr8-gnu-toolchain/bin/../lib/gcc/avr/5.4.0/avr5\libgcc.a(_copy_data.o)
 .text.libgcc.mul
                0x00000000        0x0 c:/program files (x86)/atmel/studio/7.0/toolchain/avr8/avr8-gnu-toolchain/bin/../lib/gcc/avr/5.4.0/avr5\libgcc.a(_copy_data.o)
 .text.libgcc.div
                0x00000000        0x0 c:/program files (x86)/atmel/studio/7.0/toolchain/avr8/avr8-gnu-toolchain/bin/../lib/gcc/avr/5.4.0/avr5\libgcc.a(_copy_data.o)
 .text.libgcc   0x00000000        0x0 c:/program files (x86)/atmel/studio/7.0/toolchain/avr8/avr8-gnu-toolchain/bin/../lib/gcc/avr/5.4.0/avr5\libgcc.a(_copy_data.o)
 .text.libgcc.prologue
                0x00000000        0x0 c:/program files (x86)/atmel/studio/7.0/toolchain/avr8/avr8-gnu-toolchain/bin/../lib/gcc/avr/5.4.0/avr5\libgcc.a(_copy_data.o)
 .text.libgcc.builtins
                0x00000000        0x0 c:/program files (x86)/atmel/studio/7.0/toolchain/avr8/avr8-gnu-toolchain/bin/../lib/gcc/avr/5.4.0/avr5\libgcc.a(_copy_data.o)
 .text.libgcc.fmul
                0x00000000        0x0 c:/program files (x86)/atmel/studio/7.0/toolchain/avr8/avr8-gnu-toolchain/bin/../lib/gcc/avr/5.4.0/avr5\libgcc.a(_copy_data.o)
 .text.libgcc.fixed
                0x00000000        0x0 c:/program files (x86)/atmel/studio/7.0/toolchain/avr8/avr8-gnu-toolchain/bin/../lib/gcc/avr/5.4.0/avr5\libgcc.a(_copy_data.o)
 .text          0x00000000        0x0 c:/program files (x86)/atmel/studio/7.0/toolchain/avr8/avr8-gnu-toolchain/bin/../lib/gcc/avr/5.4.0/avr5\libgcc.a(_clear_bss.o)
 .data          0x00000000        0x0 c:/program files (x86)/atmel/studio/7.0/toolchain/avr8/avr8-gnu-toolchain/bin/../lib/gcc/avr/5.4.0/avr5\libgcc.a(_clear_bss.o)
 .bss           0x00000000        0x0 c:/program files (x86)/atmel/studio/7.0/toolchain/avr8/avr8-gnu-toolchain/bin/../lib/gcc/avr/5.4.0/avr5\libgcc.a(_clear_bss.o)
 .text.libgcc.mul
                0x00000000        0x0 c:/program files (x86)/atmel/studio/7.0/toolchain/avr8/avr8-gnu-toolchain/bin/../lib/gcc/avr/5.4.0/avr5\libgcc.a(_clear_bss.o)
 .text.libgcc.div
                0x00000000        0x0 c:/program files (x86)/atmel/studio/7.0/toolchain/avr8/avr8-gnu-toolchain/bin/../lib/gcc/avr/5.4.0/avr5\libgcc.a(_clear_bss.o)
 .text.libgcc   0x00000000        0x0 c:/program files (x86)/atmel/studio/7.0/toolchain/avr8/avr8-gnu-toolchain/bin/../lib/gcc/avr/5.4.0/avr5\libgcc.a(_clear_bss.o)
 .text.libgcc.prologue
                0x00000000        0x0 c:/program files (x86)/atmel/studio/7.0/toolchain/avr8/avr8-gnu-toolchain/bin/../lib/gcc/avr/5.4.0/avr5\libgcc.a(_clear_bss.o)
 .text.libgcc.builtins
                0x00000000        0x0 c:/program files (x86)/atmel/studio/7.0/toolchain/avr8/avr8-gnu-toolchain/bin/../lib/gcc/avr/5.4.0/avr5\libgcc.a(_clear_bss.o)
 .text.libgcc.fmul
                0x00000000        0x0 c:/program files (x86)/atmel/studio/7.0/toolchain/avr8/avr8-gnu-toolchain/bin/../lib/gcc/avr/5.4.0/avr5\libgcc.a(_clear_bss.o)
 .text.libgcc.fixed
                0x00000000        0x0 c:/program files (x86)/atmel/studio/7.0/toolchain/avr8/avr8-gnu-toolchain/bin/../lib/gcc/avr/5.4.0/avr5\libgcc.a(_clear_bss.o)
 .text          0x00000000        0x0 c:/program files (x86)/atmel/studio/7.0/toolchain/avr8/avr8-gnu-toolchain/bin/../lib/gcc/avr/5.4.0/../../../../avr/lib/avr5\libc.a(ltoa.o)
 .data          0x00000000        0x0 c:/program files (x86)/atmel/studio/7.0/toolchain/avr8/avr8-gnu-toolchain/bin/../lib/gcc/avr/5.4.0/../../../../avr/lib/avr5\libc.a(ltoa.o)
 .bss           0x00000000        0x0 c:/program files (x86)/atmel/studio/7.0/toolchain/avr8/avr8-gnu-toolchain/bin/../lib/gcc/avr/5.4.0/../../../../avr/lib/avr5\libc.a(ltoa.o)
 .text          0x00000000        0x0 c:/program files (x86)/atmel/studio/7.0/toolchain/avr8/avr8-gnu-toolchain/bin/../lib/gcc/avr/5.4.0/../../../../avr/lib/avr5\libc.a(ltoa_ncheck.o)
 .data          0x00000000        0x0 c:/program files (x86)/atmel/studio/7.0/toolchain/avr8/avr8-gnu-toolchain/bin/../lib/gcc/avr/5.4.0/../../../../avr/lib/avr5\libc.a(ltoa_ncheck.o)
 .bss           0x00000000        0x0 c:/program files (x86)/atmel/studio/7.0/toolchain/avr8/avr8-gnu-toolchain/bin/../lib/gcc/avr/5.4.0/../../../../avr/lib/avr5\libc.a(ltoa_ncheck.o)
 .text          0x00000000        0x0 c:/program files (x86)/atmel/studio/7.0/toolchain/avr8/avr8-gnu-toolchain/bin/../lib/gcc/avr/5.4.0/../../../../avr/lib/avr5\libc.a(ultoa_ncheck.o)
 .data          0x00000000        0x0 c:/program files (x86)/atmel/studio/7.0/toolchain/avr8/avr8-gnu-toolchain/bin/../lib/gcc/avr/5.4.0/../../../../avr/lib/avr5\libc.a(ultoa_ncheck.o)
 .bss           0x00000000        0x0 c:/program files (x86)/atmel/studio/7.0/toolchain/avr8/avr8-gnu-toolchain/bin/../lib/gcc/avr/5.4.0/../../../../avr/lib/avr5\libc.a(ultoa_ncheck.o)
 .text          0x00000000        0x0 c:/program files (x86)/atmel/studio/7.0/toolchain/avr8/avr8-gnu-toolchain/bin/../lib/gcc/avr/5.4.0/../../../../avr/lib/avr5\libc.a(strrev.o)
 .data          0x00000000        0x0 c:/program files (x86)/atmel/studio/7.0/toolchain/avr8/avr8-gnu-toolchain/bin/../lib/gcc/avr/5.4.0/../../../../avr/lib/avr5\libc.a(strrev.o)
 .bss           0x00000000        0x0 c:/program files (x86)/atmel/studio/7.0/toolchain/avr8/avr8-gnu-toolchain/bin/../lib/gcc/avr/5.4.0/../../../../avr/lib/avr5\libc.a(strrev.o)

Memory Configuration

Name             Origin             Length             Attributes
text             0x00000000         0x00008000         xr
data             0x00800060         0x00000800         rw !x
eeprom           0x00810000         0x00000400         rw !x
fuse             0x00820000         0x00000002         rw !x
lock             0x00830000         0x00000400         rw !x
signature        0x00840000         0x00000400         rw !x
user_signatures  0x00850000         0x00000400         rw !x
*default*        0x00000000         0xffffffff

Linker script and memory map

LOAD C:/Program Files (x86)/Atmel/Studio/7.0/Packs/atmel/ATmega_DFP/1.6.364/gcc/dev/atmega32/avr5/crtatmega32.o
LOAD ECU/BUZZER/BUZZER.o
LOAD ECU/KEYPAD/KEYPAD.o
LOAD ECU/LCD/LCD.o
LOAD ECU/LED/LED.o
LOAD ECU/SEV_SEG/SEV_SEG.o
LOAD ECU/SWITCH/SWITCH.o
LOAD main.o
LOAD MCAL/ADC/ADC.o
LOAD MCAL/DIO/DIO.o
LOAD MCAL/EEPROM/EEPROM.o
LOAD MCAL/EXT_INT/EXT_INT.o
LOAD MCAL/PWM/PWM.o
LOAD MCAL/Timer/TIMER.o
LOAD MCAL/TWI/TWI.o
LOAD MCAL/UART/UART.o
START GROUP
LOAD c:/program files (x86)/atmel/studio/7.0/toolchain/avr8/avr8-gnu-toolchain/bin/../lib/gcc/avr/5.4.0/../../../../avr/lib/avr5\libm.a
END GROUP
START GROUP
LOAD c:/program files (x86)/atmel/studio/7.0/toolchain/avr8/avr8-gnu-toolchain/bin/../lib/gcc/avr/5.4.0/avr5\libgcc.a
LOAD c:/program files (x86)/atmel/studio/7.0/toolchain/avr8/avr8-gnu-toolchain/bin/../lib/gcc/avr/5.4.0/../../../../avr/lib/avr5\libm.a
LOAD c:/program files (x86)/atmel/studio/7.0/toolchain/avr8/avr8-gnu-toolchain/bin/../lib/gcc/avr/5.4.0/../../../../avr/lib/avr5\libc.a
LOAD C:/Program Files (x86)/Atmel/Studio/7.0/Packs/atmel/ATmega_DFP/1.6.364/gcc/dev/atmega32/avr5\libatmega32.a
END GROUP
                0x00000000                __TEXT_REGION_ORIGIN__ = DEFINED (__TEXT_REGION_ORIGIN__)?__TEXT_REGION_ORIGIN__:0x0
                [0x00800060]                __DATA_REGION_ORIGIN__ = DEFINED (__DATA_REGION_ORIGIN__)?__DATA_REGION_ORIGIN__:0x800060
                [0x00008000]                __TEXT_REGION_LENGTH__ = DEFINED (__TEXT_REGION_LENGTH__)?__TEXT_REGION_LENGTH__:0x20000
                [0x00000800]                __DATA_REGION_LENGTH__ = DEFINED (__DATA_REGION_LENGTH__)?__DATA_REGION_LENGTH__:0xffa0
                [0x00000400]                __EEPROM_REGION_LENGTH__ = DEFINED (__EEPROM_REGION_LENGTH__)?__EEPROM_REGION_LENGTH__:0x10000
                [0x00000002]                __FUSE_REGION_LENGTH__ = DEFINED (__FUSE_REGION_LENGTH__)?__FUSE_REGION_LENGTH__:0x400
                0x00000400                __LOCK_REGION_LENGTH__ = DEFINED (__LOCK_REGION_LENGTH__)?__LOCK_REGION_LENGTH__:0x400
                0x00000400                __SIGNATURE_REGION_LENGTH__ = DEFINED (__SIGNATURE_REGION_LENGTH__)?__SIGNATURE_REGION_LENGTH__:0x400
                0x00000400                __USER_SIGNATURE_REGION_LENGTH__ = DEFINED (__USER_SIGNATURE_REGION_LENGTH__)?__USER_SIGNATURE_REGION_LENGTH__:0x400

.hash
 *(.hash)

.dynsym
 *(.dynsym)

.dynstr
 *(.dynstr)

.gnu.version
 *(.gnu.version)

.gnu.version_d
 *(.gnu.version_d)

.gnu.version_r
 *(.gnu.version_r)

.rel.init
 *(.rel.init)

.rela.init
 *(.rela.init)

.rel.text
 *(.rel.text)
 *(.rel.text.*)
 *(.rel.gnu.linkonce.t*)

.rela.text
 *(.rela.text)
 *(.rela.text.*)
 *(.rela.gnu.linkonce.t*)

.rel.fini
 *(.rel.fini)

.rela.fini
 *(.rela.fini)

.rel.rodata
 *(.rel.rodata)
 *(.rel.rodata.*)
 *(.rel.gnu.linkonce.r*)

.rela.rodata
 *(.rela.rodata)
 *(.rela.rodata.*)
 *(.rela.gnu.linkonce.r*)

.rel.data
 *(.rel.data)
 *(.rel.data.*)
 *(.rel.gnu.linkonce.d*)

.rela.data
 *(.rela.data)
 *(.rela.data.*)
 *(.rela.gnu.linkonce.d*)

.rel.ctors
 *(.rel.ctors)

.rela.ctors
 *(.rela.ctors)

.rel.dtors
 *(.rel.dtors)

.rela.dtors
 *(.rela.dtors)

.rel.got
 *(.rel.got)

.rela.got
 *(.rela.got)

.rel.bss
 *(.rel.bss)

.rela.bss
 *(.rela.bss)

.rel.plt
 *(.rel.plt)

.rela.plt
 *(.rela.plt)

.text           0x00000000      0xe28
 *(.vectors)
 .vectors       0x00000000       0x54 C:/Program Files (x86)/Atmel/Studio/7.0/Packs/atmel/ATmega_DFP/1.6.364/gcc/dev/atmega32/avr5/crtatmega32.o
                0x00000000                __vector_default
                0x00000000                __vectors
 *(.vectors)
 *(.progmem.gcc*)
                0x00000054                . = ALIGN (0x2)
                0x00000054                __trampolines_start = .
 *(.trampolines)
 .trampolines   0x00000054        0x0 linker stubs
 *(.trampolines*)
                0x00000054                __trampolines_end = .
 *libprintf_flt.a:*(.progmem.data)
 *libc.a:*(.progmem.data)
 *(.progmem*)
                0x00000054                . = ALIGN (0x2)
 *(.jumptables)
 *(.jumptables*)
 *(.lowtext)
 *(.lowtext*)
                0x00000054                __ctors_start = .
 *(.ctors)
                0x00000054                __ctors_end = .
                0x00000054                __dtors_start = .
 *(.dtors)
                0x00000054                __dtors_end = .
 SORT(*)(.ctors)
 SORT(*)(.dtors)
 *(.init0)
 .init0         0x00000054        0x0 C:/Program Files (x86)/Atmel/Studio/7.0/Packs/atmel/ATmega_DFP/1.6.364/gcc/dev/atmega32/avr5/crtatmega32.o
                0x00000054                __init
 *(.init0)
 *(.init1)
 *(.init1)
 *(.init2)
 .init2         0x00000054        0xc C:/Program Files (x86)/Atmel/Studio/7.0/Packs/atmel/ATmega_DFP/1.6.364/gcc/dev/atmega32/avr5/crtatmega32.o
 *(.init2)
 *(.init3)
 *(.init3)
 *(.init4)
 .init4         0x00000060       0x16 c:/program files (x86)/atmel/studio/7.0/toolchain/avr8/avr8-gnu-toolchain/bin/../lib/gcc/avr/5.4.0/avr5\libgcc.a(_copy_data.o)
                0x00000060                __do_copy_data
 .init4         0x00000076       0x10 c:/program files (x86)/atmel/studio/7.0/toolchain/avr8/avr8-gnu-toolchain/bin/../lib/gcc/avr/5.4.0/avr5\libgcc.a(_clear_bss.o)
                0x00000076                __do_clear_bss
 *(.init4)
 *(.init5)
 *(.init5)
 *(.init6)
 *(.init6)
 *(.init7)
 *(.init7)
 *(.init8)
 *(.init8)
 *(.init9)
 .init9         0x00000086        0x8 C:/Program Files (x86)/Atmel/Studio/7.0/Packs/atmel/ATmega_DFP/1.6.364/gcc/dev/atmega32/avr5/crtatmega32.o
 *(.init9)
 *(.text)
 .text          0x0000008e        0x4 C:/Program Files (x86)/Atmel/Studio/7.0/Packs/atmel/ATmega_DFP/1.6.364/gcc/dev/atmega32/avr5/crtatmega32.o
                0x0000008e                __vector_1
                0x0000008e                __vector_12
                0x0000008e                __bad_interrupt
                0x0000008e                __vector_6
                0x0000008e                __vector_17
                0x0000008e                __vector_19
                0x0000008e                __vector_7
                0x0000008e                __vector_5
                0x0000008e                __vector_4
                0x0000008e                __vector_9
                0x0000008e                __vector_15
                0x0000008e                __vector_8
                0x0000008e                __vector_14
                0x0000008e                __vector_16
                0x0000008e                __vector_18
                0x0000008e                __vector_20
                0x00000092                . = ALIGN (0x2)
 *(.text.*)
 .text.BUZZER_Init
                0x00000092        0xc ECU/BUZZER/BUZZER.o
                0x00000092                BUZZER_Init
 .text.BUZZER_ON
                0x0000009e        0xa ECU/BUZZER/BUZZER.o
                0x0000009e                BUZZER_ON
 .text.BUZZER_OFF
                0x000000a8        0xa ECU/BUZZER/BUZZER.o
                0x000000a8                BUZZER_OFF
 .text.LCD_WriteCMD
                0x000000b2       0x80 ECU/LCD/LCD.o
                0x000000b2                LCD_WriteCMD
 .text.LCD_Init
                0x00000132       0xae ECU/LCD/LCD.o
                0x00000132                LCD_Init
 .text.LCD_WriteChar
                0x000001e0       0x80 ECU/LCD/LCD.o
                0x000001e0                LCD_WriteChar
 .text.LCD_WriteString
                0x00000260       0x1a ECU/LCD/LCD.o
                0x00000260                LCD_WriteString
 .text.LCD_WriteNumbers
                0x0000027a       0x3c ECU/LCD/LCD.o
                0x0000027a                LCD_WriteNumbers
 .text.LCD_Clear
                0x000002b6        0x8 ECU/LCD/LCD.o
                0x000002b6                LCD_Clear
 .text.LCD_WriteAtPosition
                0x000002be       0x2a ECU/LCD/LCD.o
                0x000002be                LCD_WriteAtPosition
 .text.LED_Init
                0x000002e8       0x30 ECU/LED/LED.o
                0x000002e8                LED_Init
 .text.LED_ON   0x00000318       0x2a ECU/LED/LED.o
                0x00000318                LED_ON
 .text.LED_OFF  0x00000342       0x2a ECU/LED/LED.o
                0x00000342                LED_OFF
 .text.alarm    0x0000036c       0x2e main.o
                0x0000036c                alarm
 .text.control  0x0000039a       0x6e main.o
                0x0000039a                control
 .text.main     0x00000408      0x162 main.o
                0x00000408                main
 .text.__vector_13
                0x0000056a       0x1e main.o
                0x0000056a                __vector_13
 .text.ADC_Init
                0x00000588       0x48 MCAL/ADC/ADC.o
                0x00000588                ADC_Init
 .text.ADC_ReadChannel_Block
                0x000005d0       0x2e MCAL/ADC/ADC.o
                0x000005d0                ADC_ReadChannel_Block
 .text.DIO_SetDir
                0x000005fe       0xe2 MCAL/DIO/DIO.o
                0x000005fe                DIO_SetDir
 .text.DIO_SetHigh
                0x000006e0       0x68 MCAL/DIO/DIO.o
                0x000006e0                DIO_SetHigh
 .text.DIO_SetLow
                0x00000748       0x70 MCAL/DIO/DIO.o
                0x00000748                DIO_SetLow
 .text.eeprom_init
                0x000007b8        0x6 MCAL/EEPROM/EEPROM.o
                0x000007b8                eeprom_init
 .text.eeprom_write
                0x000007be       0x34 MCAL/EEPROM/EEPROM.o
                0x000007be                eeprom_write
 .text.eeprom_read
                0x000007f2       0x2e MCAL/EEPROM/EEPROM.o
                0x000007f2                eeprom_read
 .text.__vector_2
                0x00000820       0x5a MCAL/EXT_INT/EXT_INT.o
                0x00000820                __vector_2
 .text.__vector_3
                0x0000087a       0x52 MCAL/EXT_INT/EXT_INT.o
                0x0000087a                __vector_3
 .text.PWM_Init
                0x000008cc       0x3c MCAL/PWM/PWM.o
                0x000008cc                PWM_Init
 .text.PWM_SetDutyCycle
                0x00000908       0x48 MCAL/PWM/PWM.o
                0x00000908                PWM_SetDutyCycle
 .text.PWM_Start
                0x00000950       0x3e MCAL/PWM/PWM.o
                0x00000950                PWM_Start
 .text.__vector_11
                0x0000098e       0x52 MCAL/Timer/TIMER.o
                0x0000098e                __vector_11
 .text.__vector_10
                0x000009e0       0x52 MCAL/Timer/TIMER.o
                0x000009e0                __vector_10
 .text.TWI_MASTER_INIT
                0x00000a32        0xc MCAL/TWI/TWI.o
                0x00000a32                TWI_MASTER_INIT
 .text.TWI_START_CONDITION
                0x00000a3e       0x20 MCAL/TWI/TWI.o
                0x00000a3e                TWI_START_CONDITION
 .text.TWI_REPEATED_START
                0x00000a5e       0x20 MCAL/TWI/TWI.o
                0x00000a5e                TWI_REPEATED_START
 .text.TWI_SEND_SLAVE_ADDRESS_WRITE
                0x00000a7e       0x24 MCAL/TWI/TWI.o
                0x00000a7e                TWI_SEND_SLAVE_ADDRESS_WRITE
 .text.TWI_SEND_SLAVE_ADDRESS_READ
                0x00000aa2       0x2a MCAL/TWI/TWI.o
                0x00000aa2                TWI_SEND_SLAVE_ADDRESS_READ
 .text.TWI_SEND_DATA
                0x00000acc       0x22 MCAL/TWI/TWI.o
                0x00000acc                TWI_SEND_DATA
 .text.TWI_READ_DATA
                0x00000aee       0x22 MCAL/TWI/TWI.o
                0x00000aee                TWI_READ_DATA
 .text.TWI_STOP_CONDITION
                0x00000b10        0x6 MCAL/TWI/TWI.o
                0x00000b10                TWI_STOP_CONDITION
 .text.UART_INIT
                0x00000b16       0x1a MCAL/UART/UART.o
                0x00000b16                UART_INIT
 .text.UART_Rx  0x00000b30        0x8 MCAL/UART/UART.o
                0x00000b30                UART_Rx
 .text.avr-libc.fplib
                0x00000b38       0x5e c:/program files (x86)/atmel/studio/7.0/toolchain/avr8/avr8-gnu-toolchain/bin/../lib/gcc/avr/5.4.0/../../../../avr/lib/avr5\libm.a(fixunssfsi.o)
                0x00000b38                __fixunssfsi
 .text.avr-libc.fplib
                0x00000b96       0x7a c:/program files (x86)/atmel/studio/7.0/toolchain/avr8/avr8-gnu-toolchain/bin/../lib/gcc/avr/5.4.0/../../../../avr/lib/avr5\libm.a(floatsisf.o)
                0x00000b96                __floatunsisf
                0x00000b9a                __floatsisf
 .text.avr-libc.fplib
                0x00000c10       0x44 c:/program files (x86)/atmel/studio/7.0/toolchain/avr8/avr8-gnu-toolchain/bin/../lib/gcc/avr/5.4.0/../../../../avr/lib/avr5\libm.a(fp_split3.o)
                0x00000c10                __fp_split3
                0x00000c20                __fp_splitA
 .text.avr-libc.fplib
                0x00000c54        0xe c:/program files (x86)/atmel/studio/7.0/toolchain/avr8/avr8-gnu-toolchain/bin/../lib/gcc/avr/5.4.0/../../../../avr/lib/avr5\libm.a(fp_zero.o)
                0x00000c54                __fp_zero
                0x00000c56                __fp_szero
 .text.avr-libc.fplib
                0x00000c62        0x8 c:/program files (x86)/atmel/studio/7.0/toolchain/avr8/avr8-gnu-toolchain/bin/../lib/gcc/avr/5.4.0/../../../../avr/lib/avr5\libm.a(mulsf3.o)
                0x00000c62                __mulsf3
 .text.avr-libc.fplib
                0x00000c6a       0xd2 c:/program files (x86)/atmel/studio/7.0/toolchain/avr8/avr8-gnu-toolchain/bin/../lib/gcc/avr/5.4.0/../../../../avr/lib/avr5\libm.a(mulsf3x.o)
                0x00000c88                __mulsf3x
                0x00000c8e                __mulsf3_pse
 .text.avr-libc.fplib
                0x00000d3c        0xc c:/program files (x86)/atmel/studio/7.0/toolchain/avr8/avr8-gnu-toolchain/bin/../lib/gcc/avr/5.4.0/../../../../avr/lib/avr5\libm.a(fp_inf.o)
                0x00000d3c                __fp_inf
 .text.avr-libc.fplib
                0x00000d48        0x6 c:/program files (x86)/atmel/studio/7.0/toolchain/avr8/avr8-gnu-toolchain/bin/../lib/gcc/avr/5.4.0/../../../../avr/lib/avr5\libm.a(fp_nan.o)
                0x00000d48                __fp_nan
 .text.avr-libc.fplib
                0x00000d4e        0xe c:/program files (x86)/atmel/studio/7.0/toolchain/avr8/avr8-gnu-toolchain/bin/../lib/gcc/avr/5.4.0/../../../../avr/lib/avr5\libm.a(fp_pscA.o)
                0x00000d4e                __fp_pscA
 .text.avr-libc.fplib
                0x00000d5c        0xe c:/program files (x86)/atmel/studio/7.0/toolchain/avr8/avr8-gnu-toolchain/bin/../lib/gcc/avr/5.4.0/../../../../avr/lib/avr5\libm.a(fp_pscB.o)
                0x00000d5c                __fp_pscB
 .text.avr-libc.fplib
                0x00000d6a       0x22 c:/program files (x86)/atmel/studio/7.0/toolchain/avr8/avr8-gnu-toolchain/bin/../lib/gcc/avr/5.4.0/../../../../avr/lib/avr5\libm.a(fp_round.o)
                0x00000d6a                __fp_round
 .text.avr-libc
                0x00000d8c       0x16 c:/program files (x86)/atmel/studio/7.0/toolchain/avr8/avr8-gnu-toolchain/bin/../lib/gcc/avr/5.4.0/../../../../avr/lib/avr5\libc.a(ltoa.o)
                0x00000d8c                ltoa
                0x00000d8c                __ltoa
 .text.avr-libc
                0x00000da2       0x1e c:/program files (x86)/atmel/studio/7.0/toolchain/avr8/avr8-gnu-toolchain/bin/../lib/gcc/avr/5.4.0/../../../../avr/lib/avr5\libc.a(ltoa_ncheck.o)
                0x00000da2                __ltoa_ncheck
 .text.avr-libc
                0x00000dc0       0x44 c:/program files (x86)/atmel/studio/7.0/toolchain/avr8/avr8-gnu-toolchain/bin/../lib/gcc/avr/5.4.0/../../../../avr/lib/avr5\libc.a(ultoa_ncheck.o)
                0x00000dc0                __ultoa_ncheck
                0x00000dc2                __ultoa_common
 .text.avr-libc
                0x00000e04       0x20 c:/program files (x86)/atmel/studio/7.0/toolchain/avr8/avr8-gnu-toolchain/bin/../lib/gcc/avr/5.4.0/../../../../avr/lib/avr5\libc.a(strrev.o)
                0x00000e04                strrev
                0x00000e24                . = ALIGN (0x2)
 *(.fini9)
 .fini9         0x00000e24        0x0 c:/program files (x86)/atmel/studio/7.0/toolchain/avr8/avr8-gnu-toolchain/bin/../lib/gcc/avr/5.4.0/avr5\libgcc.a(_exit.o)
                0x00000e24                _exit
                0x00000e24                exit
 *(.fini9)
 *(.fini8)
 *(.fini8)
 *(.fini7)
 *(.fini7)
 *(.fini6)
 *(.fini6)
 *(.fini5)
 *(.fini5)
 *(.fini4)
 *(.fini4)
 *(.fini3)
 *(.fini3)
 *(.fini2)
 *(.fini2)
 *(.fini1)
 *(.fini1)
 *(.fini0)
 .fini0         0x00000e24        0x4 c:/program files (x86)/atmel/studio/7.0/toolchain/avr8/avr8-gnu-toolchain/bin/../lib/gcc/avr/5.4.0/avr5\libgcc.a(_exit.o)
 *(.fini0)
                0x00000e28                _etext = .

.data           0x00800060       0x4c load address 0x00000e28
                0x00800060                PROVIDE (__data_start, .)
 *(.data)
 *(.data*)
 .data.password
                0x00800060        0x1 main.o
                0x00800060                password
 .data.user     0x00800061        0x1 main.o
                0x00800061                user
 *(.gnu.linkonce.d*)
 *(.rodata)
 *(.rodata*)
 .rodata.str1.1
                0x00800062       0x4a main.o
                                 0x5c (size before relaxing)
 *(.gnu.linkonce.r*)
                0x008000ac                . = ALIGN (0x2)
                0x008000ac                _edata = .
                0x008000ac                PROVIDE (__data_end, .)

.bss            0x008000ac        0xb
                0x008000ac                PROVIDE (__bss_start, .)
 *(.bss)
 *(.bss*)
 .bss.EXT_INT2_ISR
                0x008000ac        0x2 MCAL/EXT_INT/EXT_INT.o
                0x008000ac                EXT_INT2_ISR
 .bss.EXT_INT1_ISR
                0x008000ae        0x2 MCAL/EXT_INT/EXT_INT.o
                0x008000ae                EXT_INT1_ISR
 .bss.EXT_INT0_ISR
                0x008000b0        0x2 MCAL/EXT_INT/EXT_INT.o
                0x008000b0                EXT_INT0_ISR
 .bss.TMR0_OC_INT_ISR
                0x008000b2        0x2 MCAL/Timer/TIMER.o
                0x008000b2                TMR0_OC_INT_ISR
 .bss.TMR0_OVF_INT_ISR
                0x008000b4        0x2 MCAL/Timer/TIMER.o
                0x008000b4                TMR0_OVF_INT_ISR
 *(COMMON)
 COMMON         0x008000b6        0x1 main.o
                0x008000b6                x
                0x008000b7                PROVIDE (__bss_end, .)
                0x00000e28                __data_load_start = LOADADDR (.data)
                0x00000e74                __data_load_end = (__data_load_start + SIZEOF (.data))

.noinit         0x008000b7        0x0
                [!provide]                PROVIDE (__noinit_start, .)
 *(.noinit*)
                [!provide]                PROVIDE (__noinit_end, .)
                0x008000b7                _end = .
                [!provide]                PROVIDE (__heap_start, .)

.eeprom         0x00810000        0x0
 *(.eeprom*)
                0x00810000                __eeprom_end = .

.fuse
 *(.fuse)
 *(.lfuse)
 *(.hfuse)
 *(.efuse)

.lock
 *(.lock*)

.signature
 *(.signature*)

.user_signatures
 *(.user_signatures*)

.stab
 *(.stab)

.stabstr
 *(.stabstr)

.stab.excl
 *(.stab.excl)

.stab.exclstr
 *(.stab.exclstr)

.stab.index
 *(.stab.index)

.stab.indexstr
 *(.stab.indexstr)

.comment        0x00000000       0x30
 *(.comment)
 .comment       0x00000000       0x30 ECU/BUZZER/BUZZER.o
                                 0x31 (size before relaxing)
 .comment       0x00000030       0x31 ECU/LCD/LCD.o
 .comment       0x00000030       0x31 ECU/LED/LED.o
 .comment       0x00000030       0x31 main.o
 .comment       0x00000030       0x31 MCAL/ADC/ADC.o
 .comment       0x00000030       0x31 MCAL/DIO/DIO.o
 .comment       0x00000030       0x31 MCAL/EEPROM/EEPROM.o
 .comment       0x00000030       0x31 MCAL/EXT_INT/EXT_INT.o
 .comment       0x00000030       0x31 MCAL/PWM/PWM.o
 .comment       0x00000030       0x31 MCAL/Timer/TIMER.o
 .comment       0x00000030       0x31 MCAL/TWI/TWI.o
 .comment       0x00000030       0x31 MCAL/UART/UART.o

.note.gnu.avr.deviceinfo
                0x00000000       0x3c
 .note.gnu.avr.deviceinfo
                0x00000000       0x3c C:/Program Files (x86)/Atmel/Studio/7.0/Packs/atmel/ATmega_DFP/1.6.364/gcc/dev/atmega32/avr5/crtatmega32.o

.note.gnu.build-id
 *(.note.gnu.build-id)

.debug
 *(.debug)

.line
 *(.line)

.debug_srcinfo
 *(.debug_srcinfo)

.debug_sfnames
 *(.debug_sfnames)

.debug_aranges  0x00000000      0x348
 *(.debug_aranges)
 .debug_aranges
                0x00000000       0x30 ECU/BUZZER/BUZZER.o
 .debug_aranges
                0x00000030       0x50 ECU/LCD/LCD.o
 .debug_aranges
                0x00000080       0x30 ECU/LED/LED.o
 .debug_aranges
                0x000000b0       0x38 main.o
 .debug_aranges
                0x000000e8       0x58 MCAL/ADC/ADC.o
 .debug_aranges
                0x00000140       0x38 MCAL/DIO/DIO.o
 .debug_aranges
                0x00000178       0x30 MCAL/EEPROM/EEPROM.o
 .debug_aranges
                0x000001a8       0x68 MCAL/EXT_INT/EXT_INT.o
 .debug_aranges
                0x00000210       0x38 MCAL/PWM/PWM.o
 .debug_aranges
                0x00000248       0x58 MCAL/Timer/TIMER.o
 .debug_aranges
                0x000002a0       0x70 MCAL/TWI/TWI.o
 .debug_aranges
                0x00000310       0x38 MCAL/UART/UART.o

.debug_pubnames
 *(.debug_pubnames)

.debug_info     0x00000000     0x2e2c
 *(.debug_info .gnu.linkonce.wi.*)
 .debug_info    0x00000000      0x4e6 C:/Program Files (x86)/Atmel/Studio/7.0/Packs/atmel/ATmega_DFP/1.6.364/gcc/dev/atmega32/avr5/crtatmega32.o
 .debug_info    0x000004e6      0x185 ECU/BUZZER/BUZZER.o
 .debug_info    0x0000066b      0x87d ECU/LCD/LCD.o
 .debug_info    0x00000ee8      0x279 ECU/LED/LED.o
 .debug_info    0x00001161      0x89e main.o
 .debug_info    0x000019ff      0x300 MCAL/ADC/ADC.o
 .debug_info    0x00001cff      0x1fa MCAL/DIO/DIO.o
 .debug_info    0x00001ef9      0x2ae MCAL/EEPROM/EEPROM.o
 .debug_info    0x000021a7      0x1f5 MCAL/EXT_INT/EXT_INT.o
 .debug_info    0x0000239c      0x14b MCAL/PWM/PWM.o
 .debug_info    0x000024e7      0x3a5 MCAL/Timer/TIMER.o
 .debug_info    0x0000288c      0x481 MCAL/TWI/TWI.o
 .debug_info    0x00002d0d      0x11f MCAL/UART/UART.o

.debug_abbrev   0x00000000     0x10a5
 *(.debug_abbrev)
 .debug_abbrev  0x00000000      0x4a3 C:/Program Files (x86)/Atmel/Studio/7.0/Packs/atmel/ATmega_DFP/1.6.364/gcc/dev/atmega32/avr5/crtatmega32.o
 .debug_abbrev  0x000004a3       0x7a ECU/BUZZER/BUZZER.o
 .debug_abbrev  0x0000051d      0x18e ECU/LCD/LCD.o
 .debug_abbrev  0x000006ab       0xa5 ECU/LED/LED.o
 .debug_abbrev  0x00000750      0x1c3 main.o
 .debug_abbrev  0x00000913       0xfc MCAL/ADC/ADC.o
 .debug_abbrev  0x00000a0f       0xdb MCAL/DIO/DIO.o
 .debug_abbrev  0x00000aea      0x143 MCAL/EEPROM/EEPROM.o
 .debug_abbrev  0x00000c2d       0xbe MCAL/EXT_INT/EXT_INT.o
 .debug_abbrev  0x00000ceb       0x94 MCAL/PWM/PWM.o
 .debug_abbrev  0x00000d7f      0x12c MCAL/Timer/TIMER.o
 .debug_abbrev  0x00000eab      0x14e MCAL/TWI/TWI.o
 .debug_abbrev  0x00000ff9       0xac MCAL/UART/UART.o

.debug_line     0x00000000     0x192a
 *(.debug_line .debug_line.* .debug_line_end)
 .debug_line    0x00000000      0x116 C:/Program Files (x86)/Atmel/Studio/7.0/Packs/atmel/ATmega_DFP/1.6.364/gcc/dev/atmega32/avr5/crtatmega32.o
 .debug_line    0x00000116       0x9a ECU/BUZZER/BUZZER.o
 .debug_line    0x000001b0      0x361 ECU/LCD/LCD.o
 .debug_line    0x00000511       0xf7 ECU/LED/LED.o
 .debug_line    0x00000608      0x3ce main.o
 .debug_line    0x000009d6      0x208 MCAL/ADC/ADC.o
 .debug_line    0x00000bde      0x1a9 MCAL/DIO/DIO.o
 .debug_line    0x00000d87      0x1dc MCAL/EEPROM/EEPROM.o
 .debug_line    0x00000f63      0x1bd MCAL/EXT_INT/EXT_INT.o
 .debug_line    0x00001120      0x1ef MCAL/PWM/PWM.o
 .debug_line    0x0000130f      0x222 MCAL/Timer/TIMER.o
 .debug_line    0x00001531      0x2b4 MCAL/TWI/TWI.o
 .debug_line    0x000017e5      0x145 MCAL/UART/UART.o

.debug_frame    0x00000000      0x6d4
 *(.debug_frame)
 .debug_frame   0x00000000       0x44 ECU/BUZZER/BUZZER.o
 .debug_frame   0x00000044       0xb0 ECU/LCD/LCD.o
 .debug_frame   0x000000f4       0x44 ECU/LED/LED.o
 .debug_frame   0x00000138       0x70 main.o
 .debug_frame   0x000001a8       0x94 MCAL/ADC/ADC.o
 .debug_frame   0x0000023c       0x54 MCAL/DIO/DIO.o
 .debug_frame   0x00000290       0x58 MCAL/EEPROM/EEPROM.o
 .debug_frame   0x000002e8      0x144 MCAL/EXT_INT/EXT_INT.o
 .debug_frame   0x0000042c       0x5c MCAL/PWM/PWM.o
 .debug_frame   0x00000488      0x134 MCAL/Timer/TIMER.o
 .debug_frame   0x000005bc       0xc4 MCAL/TWI/TWI.o
 .debug_frame   0x00000680       0x54 MCAL/UART/UART.o

.debug_str      0x00000000      0xea8
 *(.debug_str)
 .debug_str     0x00000000      0x196 C:/Program Files (x86)/Atmel/Studio/7.0/Packs/atmel/ATmega_DFP/1.6.364/gcc/dev/atmega32/avr5/crtatmega32.o
 .debug_str     0x00000196      0x1d8 ECU/BUZZER/BUZZER.o
                                0x1ff (size before relaxing)
 .debug_str     0x0000036e      0x119 ECU/LCD/LCD.o
                                0x2fc (size before relaxing)
 .debug_str     0x00000487       0x99 ECU/LED/LED.o
                                0x211 (size before relaxing)
 .debug_str     0x00000520      0x1e9 main.o
                                0x400 (size before relaxing)
 .debug_str     0x00000709      0x1e7 MCAL/ADC/ADC.o
                                0x44c (size before relaxing)
 .debug_str     0x000008f0       0x56 MCAL/DIO/DIO.o
                                0x224 (size before relaxing)
 .debug_str     0x00000946       0xc4 MCAL/EEPROM/EEPROM.o
                                0x2b0 (size before relaxing)
 .debug_str     0x00000a0a      0x10f MCAL/EXT_INT/EXT_INT.o
                                0x291 (size before relaxing)
 .debug_str     0x00000b19       0x6b MCAL/PWM/PWM.o
                                0x1ec (size before relaxing)
 .debug_str     0x00000b84      0x29b MCAL/Timer/TIMER.o
                                0x44d (size before relaxing)
 .debug_str     0x00000e1f       0x50 MCAL/TWI/TWI.o
                                0x2cf (size before relaxing)
 .debug_str     0x00000e6f       0x39 MCAL/UART/UART.o
                                0x1ca (size before relaxing)

.debug_loc      0x00000000     0x161f
 *(.debug_loc)
 .debug_loc     0x00000000      0x522 ECU/LCD/LCD.o
 .debug_loc     0x00000522       0xf9 ECU/LED/LED.o
 .debug_loc     0x0000061b      0x35b main.o
 .debug_loc     0x00000976      0x11b MCAL/ADC/ADC.o
 .debug_loc     0x00000a91      0x271 MCAL/DIO/DIO.o
 .debug_loc     0x00000d02      0x152 MCAL/EEPROM/EEPROM.o
 .debug_loc     0x00000e54      0x196 MCAL/EXT_INT/EXT_INT.o
 .debug_loc     0x00000fea      0x1be MCAL/PWM/PWM.o
 .debug_loc     0x000011a8      0x258 MCAL/Timer/TIMER.o
 .debug_loc     0x00001400      0x21f MCAL/TWI/TWI.o

.debug_macinfo
 *(.debug_macinfo)

.debug_weaknames
 *(.debug_weaknames)

.debug_funcnames
 *(.debug_funcnames)

.debug_typenames
 *(.debug_typenames)

.debug_varnames
 *(.debug_varnames)

.debug_pubtypes
 *(.debug_pubtypes)

.debug_ranges   0x00000000      0x288
 *(.debug_ranges)
 .debug_ranges  0x00000000       0x20 ECU/BUZZER/BUZZER.o
 .debug_ranges  0x00000020       0x40 ECU/LCD/LCD.o
 .debug_ranges  0x00000060       0x20 ECU/LED/LED.o
 .debug_ranges  0x00000080       0x28 main.o
 .debug_ranges  0x000000a8       0x48 MCAL/ADC/ADC.o
 .debug_ranges  0x000000f0       0x28 MCAL/DIO/DIO.o
 .debug_ranges  0x00000118       0x20 MCAL/EEPROM/EEPROM.o
 .debug_ranges  0x00000138       0x58 MCAL/EXT_INT/EXT_INT.o
 .debug_ranges  0x00000190       0x28 MCAL/PWM/PWM.o
 .debug_ranges  0x000001b8       0x48 MCAL/Timer/TIMER.o
 .debug_ranges  0x00000200       0x60 MCAL/TWI/TWI.o
 .debug_ranges  0x00000260       0x28 MCAL/UART/UART.o

.debug_macro
 *(.debug_macro)
OUTPUT(final_project.elf elf32-avr)
LOAD linker stubs
