Archive member included to satisfy reference by file (symbol)

c:/program files (x86)/atmel/studio/7.0/toolchain/avr8/avr8-gnu-toolchain/bin/../lib/gcc/avr/5.4.0/avr5\libgcc.a(_exit.o)
                              C:/Program Files (x86)/Atmel/Studio/7.0/Packs/atmel/ATmega_DFP/1.6.364/gcc/dev/atmega32/avr5/crtatmega32.o (exit)
c:/program files (x86)/atmel/studio/7.0/toolchain/avr8/avr8-gnu-toolchain/bin/../lib/gcc/avr/5.4.0/avr5\libgcc.a(_copy_data.o)
                              main.o (__do_copy_data)
c:/program files (x86)/atmel/studio/7.0/toolchain/avr8/avr8-gnu-toolchain/bin/../lib/gcc/avr/5.4.0/avr5\libgcc.a(_clear_bss.o)
                              main.o (__do_clear_bss)
c:/program files (x86)/atmel/studio/7.0/toolchain/avr8/avr8-gnu-toolchain/bin/../lib/gcc/avr/5.4.0/../../../../avr/lib/avr5\libc.a(ltoa.o)
                              ECU/LCD/LCD.o (ltoa)
c:/program files (x86)/atmel/studio/7.0/toolchain/avr8/avr8-gnu-toolchain/bin/../lib/gcc/avr/5.4.0/../../../../avr/lib/avr5\libc.a(ltoa_ncheck.o)
                              c:/program files (x86)/atmel/studio/7.0/toolchain/avr8/avr8-gnu-toolchain/bin/../lib/gcc/avr/5.4.0/../../../../avr/lib/avr5\libc.a(ltoa.o) (__ltoa_ncheck)
c:/program files (x86)/atmel/studio/7.0/toolchain/avr8/avr8-gnu-toolchain/bin/../lib/gcc/avr/5.4.0/../../../../avr/lib/avr5\libc.a(ultoa_ncheck.o)
                              c:/program files (x86)/atmel/studio/7.0/toolchain/avr8/avr8-gnu-toolchain/bin/../lib/gcc/avr/5.4.0/../../../../avr/lib/avr5\libc.a(ltoa_ncheck.o) (__ultoa_common)
c:/program files (x86)/atmel/studio/7.0/toolchain/avr8/avr8-gnu-toolchain/bin/../lib/gcc/avr/5.4.0/../../../../avr/lib/avr5\libc.a(strrev.o)
                              c:/program files (x86)/atmel/studio/7.0/toolchain/avr8/avr8-gnu-toolchain/bin/../lib/gcc/avr/5.4.0/../../../../avr/lib/avr5\libc.a(ultoa_ncheck.o) (strrev)

Discarded input sections

 .data          0x00000000        0x0 C:/Program Files (x86)/Atmel/Studio/7.0/Packs/atmel/ATmega_DFP/1.6.364/gcc/dev/atmega32/avr5/crtatmega32.o
 .bss           0x00000000        0x0 C:/Program Files (x86)/Atmel/Studio/7.0/Packs/atmel/ATmega_DFP/1.6.364/gcc/dev/atmega32/avr5/crtatmega32.o
 .text          0x00000000        0x0 ECU/BUZZER/BUZZER.o
 .data          0x00000000        0x0 ECU/BUZZER/BUZZER.o
 .bss           0x00000000        0x0 ECU/BUZZER/BUZZER.o
 .text          0x00000000        0x0 ECU/LCD/LCD.o
 .data          0x00000000        0x0 ECU/LCD/LCD.o
 .bss           0x00000000        0x0 ECU/LCD/LCD.o
 .text          0x00000000        0x0 ECU/LED/LED.o
 .data          0x00000000        0x0 ECU/LED/LED.o
 .bss           0x00000000        0x0 ECU/LED/LED.o
 .text.LED_Init
                0x00000000       0x30 ECU/LED/LED.o
 .text.LED_ON   0x00000000       0x2a ECU/LED/LED.o
 .text.LED_OFF  0x00000000       0x2a ECU/LED/LED.o
 .debug_info    0x00000000      0x279 ECU/LED/LED.o
 .debug_abbrev  0x00000000       0xa5 ECU/LED/LED.o
 .debug_loc     0x00000000       0xf9 ECU/LED/LED.o
 .debug_aranges
                0x00000000       0x30 ECU/LED/LED.o
 .debug_ranges  0x00000000       0x20 ECU/LED/LED.o
 .debug_line    0x00000000       0xf7 ECU/LED/LED.o
 .debug_str     0x00000000      0x211 ECU/LED/LED.o
 .comment       0x00000000       0x31 ECU/LED/LED.o
 .debug_frame   0x00000000       0x44 ECU/LED/LED.o
 .text          0x00000000        0x0 ECU/SEV_SEG/SEV_SEG.o
 .data          0x00000000        0x0 ECU/SEV_SEG/SEV_SEG.o
 .bss           0x00000000        0x0 ECU/SEV_SEG/SEV_SEG.o
 .text.SEVSEG_Init
                0x00000000       0x48 ECU/SEV_SEG/SEV_SEG.o
 .text.SEVSEG_ENB1
                0x00000000        0xa ECU/SEV_SEG/SEV_SEG.o
 .text.SEVSEG_DIS1
                0x00000000        0xa ECU/SEV_SEG/SEV_SEG.o
 .text.SEVSEG_ENB2
                0x00000000        0xa ECU/SEV_SEG/SEV_SEG.o
 .text.SEVSEG_DIS2
                0x00000000        0xa ECU/SEV_SEG/SEV_SEG.o
 .text.SEVSEG_DIP_EN
                0x00000000        0xa ECU/SEV_SEG/SEV_SEG.o
 .text.SEVSEG_DIP_DS
                0x00000000        0xa ECU/SEV_SEG/SEV_SEG.o
 .text.SEV_SEG_DISPLAY
                0x00000000       0x78 ECU/SEV_SEG/SEV_SEG.o
 .debug_info    0x00000000      0x440 ECU/SEV_SEG/SEV_SEG.o
 .debug_abbrev  0x00000000      0x14c ECU/SEV_SEG/SEV_SEG.o
 .debug_loc     0x00000000      0x16f ECU/SEV_SEG/SEV_SEG.o
 .debug_aranges
                0x00000000       0x58 ECU/SEV_SEG/SEV_SEG.o
 .debug_ranges  0x00000000       0x48 ECU/SEV_SEG/SEV_SEG.o
 .debug_line    0x00000000      0x27a ECU/SEV_SEG/SEV_SEG.o
 .debug_str     0x00000000      0x2da ECU/SEV_SEG/SEV_SEG.o
 .comment       0x00000000       0x31 ECU/SEV_SEG/SEV_SEG.o
 .debug_frame   0x00000000       0xa0 ECU/SEV_SEG/SEV_SEG.o
 .text          0x00000000        0x0 ECU/SWITCH/SWITCH.o
 .data          0x00000000        0x0 ECU/SWITCH/SWITCH.o
 .bss           0x00000000        0x0 ECU/SWITCH/SWITCH.o
 .text          0x00000000        0x0 main.o
 .data          0x00000000        0x0 main.o
 .bss           0x00000000        0x0 main.o
 .bss.TEMP_counter
                0x00000000        0x1 main.o
 .bss.TIME_counter
                0x00000000        0x1 main.o
 .text          0x00000000        0x0 MCAL/ADC/ADC.o
 .data          0x00000000        0x0 MCAL/ADC/ADC.o
 .bss           0x00000000        0x0 MCAL/ADC/ADC.o
 .text.SET_ADC_INT_ISR_Handler
                0x00000000        0xe MCAL/ADC/ADC.o
 .text.ADC_InterruptEnable
                0x00000000        0xe MCAL/ADC/ADC.o
 .text.ADC_InterruptDisable
                0x00000000        0x8 MCAL/ADC/ADC.o
 .text.ADC_StartConversion
                0x00000000       0x26 MCAL/ADC/ADC.o
 .text.ADC_ReadValue_NotBlock
                0x00000000       0x10 MCAL/ADC/ADC.o
 .text.ADC_TriggerByPeripheral
                0x00000000       0x1c MCAL/ADC/ADC.o
 .bss.ADC_INT_ISR
                0x00000000        0x2 MCAL/ADC/ADC.o
 .text          0x00000000        0x0 MCAL/DIO/DIO.o
 .data          0x00000000        0x0 MCAL/DIO/DIO.o
 .bss           0x00000000        0x0 MCAL/DIO/DIO.o
 .text          0x00000000        0x0 MCAL/EXT_INT/EXT_INT.o
 .data          0x00000000        0x0 MCAL/EXT_INT/EXT_INT.o
 .bss           0x00000000        0x0 MCAL/EXT_INT/EXT_INT.o
 .text.SET_EXT_INT0_ISR_Handler
                0x00000000        0xe MCAL/EXT_INT/EXT_INT.o
 .text.SET_EXT_INT1_ISR_Handler
                0x00000000        0xe MCAL/EXT_INT/EXT_INT.o
 .text.SET_EXT_INT2_ISR_Handler
                0x00000000        0xe MCAL/EXT_INT/EXT_INT.o
 .text.EXT_INTERRUPT1_Init
                0x00000000        0x2 MCAL/EXT_INT/EXT_INT.o
 .text.EXT_INTERRUPT2_Init
                0x00000000        0x2 MCAL/EXT_INT/EXT_INT.o
 .text          0x00000000        0x0 MCAL/Timer/TIMER.o
 .data          0x00000000        0x0 MCAL/Timer/TIMER.o
 .bss           0x00000000        0x0 MCAL/Timer/TIMER.o
 .text.TIMER_Read_Counter_Value
                0x00000000       0x10 MCAL/Timer/TIMER.o
 .text.TIMER_Set_OCR_Value
                0x00000000        0x8 MCAL/Timer/TIMER.o
 .text.SET_TMR0_OVF_INT_ISR_Handler
                0x00000000        0xe MCAL/Timer/TIMER.o
 .text          0x00000000        0x0 c:/program files (x86)/atmel/studio/7.0/toolchain/avr8/avr8-gnu-toolchain/bin/../lib/gcc/avr/5.4.0/avr5\libgcc.a(_exit.o)
 .data          0x00000000        0x0 c:/program files (x86)/atmel/studio/7.0/toolchain/avr8/avr8-gnu-toolchain/bin/../lib/gcc/avr/5.4.0/avr5\libgcc.a(_exit.o)
 .bss           0x00000000        0x0 c:/program files (x86)/atmel/studio/7.0/toolchain/avr8/avr8-gnu-toolchain/bin/../lib/gcc/avr/5.4.0/avr5\libgcc.a(_exit.o)
 .text.libgcc.mul
                0x00000000        0x0 c:/program files (x86)/atmel/studio/7.0/toolchain/avr8/avr8-gnu-toolchain/bin/../lib/gcc/avr/5.4.0/avr5\libgcc.a(_exit.o)
 .text.libgcc.div
                0x00000000        0x0 c:/program files (x86)/atmel/studio/7.0/toolchain/avr8/avr8-gnu-toolchain/bin/../lib/gcc/avr/5.4.0/avr5\libgcc.a(_exit.o)
 .text.libgcc   0x00000000        0x0 c:/program files (x86)/atmel/studio/7.0/toolchain/avr8/avr8-gnu-toolchain/bin/../lib/gcc/avr/5.4.0/avr5\libgcc.a(_exit.o)
 .text.libgcc.prologue
                0x00000000        0x0 c:/program files (x86)/atmel/studio/7.0/toolchain/avr8/avr8-gnu-toolchain/bin/../lib/gcc/avr/5.4.0/avr5\libgcc.a(_exit.o)
 .text.libgcc.builtins
                0x00000000        0x0 c:/program files (x86)/atmel/studio/7.0/toolchain/avr8/avr8-gnu-toolchain/bin/../lib/gcc/avr/5.4.0/avr5\libgcc.a(_exit.o)
 .text.libgcc.fmul
                0x00000000        0x0 c:/program files (x86)/atmel/studio/7.0/toolchain/avr8/avr8-gnu-toolchain/bin/../lib/gcc/avr/5.4.0/avr5\libgcc.a(_exit.o)
 .text.libgcc.fixed
                0x00000000        0x0 c:/program files (x86)/atmel/studio/7.0/toolchain/avr8/avr8-gnu-toolchain/bin/../lib/gcc/avr/5.4.0/avr5\libgcc.a(_exit.o)
 .text          0x00000000        0x0 c:/program files (x86)/atmel/studio/7.0/toolchain/avr8/avr8-gnu-toolchain/bin/../lib/gcc/avr/5.4.0/avr5\libgcc.a(_copy_data.o)
 .data          0x00000000        0x0 c:/program files (x86)/atmel/studio/7.0/toolchain/avr8/avr8-gnu-toolchain/bin/../lib/gcc/avr/5.4.0/avr5\libgcc.a(_copy_data.o)
 .bss           0x00000000        0x0 c:/program files (x86)/atmel/studio/7.0/toolchain/avr8/avr8-gnu-toolchain/bin/../lib/gcc/avr/5.4.0/avr5\libgcc.a(_copy_data.o)
 .text.libgcc.mul
                0x00000000        0x0 c:/program files (x86)/atmel/studio/7.0/toolchain/avr8/avr8-gnu-toolchain/bin/../lib/gcc/avr/5.4.0/avr5\libgcc.a(_copy_data.o)
 .text.libgcc.div
                0x00000000        0x0 c:/program files (x86)/atmel/studio/7.0/toolchain/avr8/avr8-gnu-toolchain/bin/../lib/gcc/avr/5.4.0/avr5\libgcc.a(_copy_data.o)
 .text.libgcc   0x00000000        0x0 c:/program files (x86)/atmel/studio/7.0/toolchain/avr8/avr8-gnu-toolchain/bin/../lib/gcc/avr/5.4.0/avr5\libgcc.a(_copy_data.o)
 .text.libgcc.prologue
                0x00000000        0x0 c:/program files (x86)/atmel/studio/7.0/toolchain/avr8/avr8-gnu-toolchain/bin/../lib/gcc/avr/5.4.0/avr5\libgcc.a(_copy_data.o)
 .text.libgcc.builtins
                0x00000000        0x0 c:/program files (x86)/atmel/studio/7.0/toolchain/avr8/avr8-gnu-toolchain/bin/../lib/gcc/avr/5.4.0/avr5\libgcc.a(_copy_data.o)
 .text.libgcc.fmul
                0x00000000        0x0 c:/program files (x86)/atmel/studio/7.0/toolchain/avr8/avr8-gnu-toolchain/bin/../lib/gcc/avr/5.4.0/avr5\libgcc.a(_copy_data.o)
 .text.libgcc.fixed
                0x00000000        0x0 c:/program files (x86)/atmel/studio/7.0/toolchain/avr8/avr8-gnu-toolchain/bin/../lib/gcc/avr/5.4.0/avr5\libgcc.a(_copy_data.o)
 .text          0x00000000        0x0 c:/program files (x86)/atmel/studio/7.0/toolchain/avr8/avr8-gnu-toolchain/bin/../lib/gcc/avr/5.4.0/avr5\libgcc.a(_clear_bss.o)
 .data          0x00000000        0x0 c:/program files (x86)/atmel/studio/7.0/toolchain/avr8/avr8-gnu-toolchain/bin/../lib/gcc/avr/5.4.0/avr5\libgcc.a(_clear_bss.o)
 .bss           0x00000000        0x0 c:/program files (x86)/atmel/studio/7.0/toolchain/avr8/avr8-gnu-toolchain/bin/../lib/gcc/avr/5.4.0/avr5\libgcc.a(_clear_bss.o)
 .text.libgcc.mul
                0x00000000        0x0 c:/program files (x86)/atmel/studio/7.0/toolchain/avr8/avr8-gnu-toolchain/bin/../lib/gcc/avr/5.4.0/avr5\libgcc.a(_clear_bss.o)
 .text.libgcc.div
                0x00000000        0x0 c:/program files (x86)/atmel/studio/7.0/toolchain/avr8/avr8-gnu-toolchain/bin/../lib/gcc/avr/5.4.0/avr5\libgcc.a(_clear_bss.o)
 .text.libgcc   0x00000000        0x0 c:/program files (x86)/atmel/studio/7.0/toolchain/avr8/avr8-gnu-toolchain/bin/../lib/gcc/avr/5.4.0/avr5\libgcc.a(_clear_bss.o)
 .text.libgcc.prologue
                0x00000000        0x0 c:/program files (x86)/atmel/studio/7.0/toolchain/avr8/avr8-gnu-toolchain/bin/../lib/gcc/avr/5.4.0/avr5\libgcc.a(_clear_bss.o)
 .text.libgcc.builtins
                0x00000000        0x0 c:/program files (x86)/atmel/studio/7.0/toolchain/avr8/avr8-gnu-toolchain/bin/../lib/gcc/avr/5.4.0/avr5\libgcc.a(_clear_bss.o)
 .text.libgcc.fmul
                0x00000000        0x0 c:/program files (x86)/atmel/studio/7.0/toolchain/avr8/avr8-gnu-toolchain/bin/../lib/gcc/avr/5.4.0/avr5\libgcc.a(_clear_bss.o)
 .text.libgcc.fixed
                0x00000000        0x0 c:/program files (x86)/atmel/studio/7.0/toolchain/avr8/avr8-gnu-toolchain/bin/../lib/gcc/avr/5.4.0/avr5\libgcc.a(_clear_bss.o)
 .text          0x00000000        0x0 c:/program files (x86)/atmel/studio/7.0/toolchain/avr8/avr8-gnu-toolchain/bin/../lib/gcc/avr/5.4.0/../../../../avr/lib/avr5\libc.a(ltoa.o)
 .data          0x00000000        0x0 c:/program files (x86)/atmel/studio/7.0/toolchain/avr8/avr8-gnu-toolchain/bin/../lib/gcc/avr/5.4.0/../../../../avr/lib/avr5\libc.a(ltoa.o)
 .bss           0x00000000        0x0 c:/program files (x86)/atmel/studio/7.0/toolchain/avr8/avr8-gnu-toolchain/bin/../lib/gcc/avr/5.4.0/../../../../avr/lib/avr5\libc.a(ltoa.o)
 .text          0x00000000        0x0 c:/program files (x86)/atmel/studio/7.0/toolchain/avr8/avr8-gnu-toolchain/bin/../lib/gcc/avr/5.4.0/../../../../avr/lib/avr5\libc.a(ltoa_ncheck.o)
 .data          0x00000000        0x0 c:/program files (x86)/atmel/studio/7.0/toolchain/avr8/avr8-gnu-toolchain/bin/../lib/gcc/avr/5.4.0/../../../../avr/lib/avr5\libc.a(ltoa_ncheck.o)
 .bss           0x00000000        0x0 c:/program files (x86)/atmel/studio/7.0/toolchain/avr8/avr8-gnu-toolchain/bin/../lib/gcc/avr/5.4.0/../../../../avr/lib/avr5\libc.a(ltoa_ncheck.o)
 .text          0x00000000        0x0 c:/program files (x86)/atmel/studio/7.0/toolchain/avr8/avr8-gnu-toolchain/bin/../lib/gcc/avr/5.4.0/../../../../avr/lib/avr5\libc.a(ultoa_ncheck.o)
 .data          0x00000000        0x0 c:/program files (x86)/atmel/studio/7.0/toolchain/avr8/avr8-gnu-toolchain/bin/../lib/gcc/avr/5.4.0/../../../../avr/lib/avr5\libc.a(ultoa_ncheck.o)
 .bss           0x00000000        0x0 c:/program files (x86)/atmel/studio/7.0/toolchain/avr8/avr8-gnu-toolchain/bin/../lib/gcc/avr/5.4.0/../../../../avr/lib/avr5\libc.a(ultoa_ncheck.o)
 .text          0x00000000        0x0 c:/program files (x86)/atmel/studio/7.0/toolchain/avr8/avr8-gnu-toolchain/bin/../lib/gcc/avr/5.4.0/../../../../avr/lib/avr5\libc.a(strrev.o)
 .data          0x00000000        0x0 c:/program files (x86)/atmel/studio/7.0/toolchain/avr8/avr8-gnu-toolchain/bin/../lib/gcc/avr/5.4.0/../../../../avr/lib/avr5\libc.a(strrev.o)
 .bss           0x00000000        0x0 c:/program files (x86)/atmel/studio/7.0/toolchain/avr8/avr8-gnu-toolchain/bin/../lib/gcc/avr/5.4.0/../../../../avr/lib/avr5\libc.a(strrev.o)

Memory Configuration

Name             Origin             Length             Attributes
text             0x00000000         0x00008000         xr
data             0x00800060         0x00000800         rw !x
eeprom           0x00810000         0x00000400         rw !x
fuse             0x00820000         0x00000002         rw !x
lock             0x00830000         0x00000400         rw !x
signature        0x00840000         0x00000400         rw !x
user_signatures  0x00850000         0x00000400         rw !x
*default*        0x00000000         0xffffffff

Linker script and memory map

LOAD C:/Program Files (x86)/Atmel/Studio/7.0/Packs/atmel/ATmega_DFP/1.6.364/gcc/dev/atmega32/avr5/crtatmega32.o
LOAD ECU/BUZZER/BUZZER.o
LOAD ECU/LCD/LCD.o
LOAD ECU/LED/LED.o
LOAD ECU/SEV_SEG/SEV_SEG.o
LOAD ECU/SWITCH/SWITCH.o
LOAD main.o
LOAD MCAL/ADC/ADC.o
LOAD MCAL/DIO/DIO.o
LOAD MCAL/EXT_INT/EXT_INT.o
LOAD MCAL/Timer/TIMER.o
START GROUP
LOAD c:/program files (x86)/atmel/studio/7.0/toolchain/avr8/avr8-gnu-toolchain/bin/../lib/gcc/avr/5.4.0/../../../../avr/lib/avr5\libm.a
END GROUP
START GROUP
LOAD c:/program files (x86)/atmel/studio/7.0/toolchain/avr8/avr8-gnu-toolchain/bin/../lib/gcc/avr/5.4.0/avr5\libgcc.a
LOAD c:/program files (x86)/atmel/studio/7.0/toolchain/avr8/avr8-gnu-toolchain/bin/../lib/gcc/avr/5.4.0/../../../../avr/lib/avr5\libm.a
LOAD c:/program files (x86)/atmel/studio/7.0/toolchain/avr8/avr8-gnu-toolchain/bin/../lib/gcc/avr/5.4.0/../../../../avr/lib/avr5\libc.a
LOAD C:/Program Files (x86)/Atmel/Studio/7.0/Packs/atmel/ATmega_DFP/1.6.364/gcc/dev/atmega32/avr5\libatmega32.a
END GROUP
                0x00000000                __TEXT_REGION_ORIGIN__ = DEFINED (__TEXT_REGION_ORIGIN__)?__TEXT_REGION_ORIGIN__:0x0
                [0x00800060]                __DATA_REGION_ORIGIN__ = DEFINED (__DATA_REGION_ORIGIN__)?__DATA_REGION_ORIGIN__:0x800060
                [0x00008000]                __TEXT_REGION_LENGTH__ = DEFINED (__TEXT_REGION_LENGTH__)?__TEXT_REGION_LENGTH__:0x20000
                [0x00000800]                __DATA_REGION_LENGTH__ = DEFINED (__DATA_REGION_LENGTH__)?__DATA_REGION_LENGTH__:0xffa0
                [0x00000400]                __EEPROM_REGION_LENGTH__ = DEFINED (__EEPROM_REGION_LENGTH__)?__EEPROM_REGION_LENGTH__:0x10000
                [0x00000002]                __FUSE_REGION_LENGTH__ = DEFINED (__FUSE_REGION_LENGTH__)?__FUSE_REGION_LENGTH__:0x400
                0x00000400                __LOCK_REGION_LENGTH__ = DEFINED (__LOCK_REGION_LENGTH__)?__LOCK_REGION_LENGTH__:0x400
                0x00000400                __SIGNATURE_REGION_LENGTH__ = DEFINED (__SIGNATURE_REGION_LENGTH__)?__SIGNATURE_REGION_LENGTH__:0x400
                0x00000400                __USER_SIGNATURE_REGION_LENGTH__ = DEFINED (__USER_SIGNATURE_REGION_LENGTH__)?__USER_SIGNATURE_REGION_LENGTH__:0x400

.hash
 *(.hash)

.dynsym
 *(.dynsym)

.dynstr
 *(.dynstr)

.gnu.version
 *(.gnu.version)

.gnu.version_d
 *(.gnu.version_d)

.gnu.version_r
 *(.gnu.version_r)

.rel.init
 *(.rel.init)

.rela.init
 *(.rela.init)

.rel.text
 *(.rel.text)
 *(.rel.text.*)
 *(.rel.gnu.linkonce.t*)

.rela.text
 *(.rela.text)
 *(.rela.text.*)
 *(.rela.gnu.linkonce.t*)

.rel.fini
 *(.rel.fini)

.rela.fini
 *(.rela.fini)

.rel.rodata
 *(.rel.rodata)
 *(.rel.rodata.*)
 *(.rel.gnu.linkonce.r*)

.rela.rodata
 *(.rela.rodata)
 *(.rela.rodata.*)
 *(.rela.gnu.linkonce.r*)

.rel.data
 *(.rel.data)
 *(.rel.data.*)
 *(.rel.gnu.linkonce.d*)

.rela.data
 *(.rela.data)
 *(.rela.data.*)
 *(.rela.gnu.linkonce.d*)

.rel.ctors
 *(.rel.ctors)

.rela.ctors
 *(.rela.ctors)

.rel.dtors
 *(.rel.dtors)

.rela.dtors
 *(.rela.dtors)

.rel.got
 *(.rel.got)

.rela.got
 *(.rela.got)

.rel.bss
 *(.rel.bss)

.rela.bss
 *(.rela.bss)

.rel.plt
 *(.rel.plt)

.rela.plt
 *(.rela.plt)

.text           0x00000000      0xa70
 *(.vectors)
 .vectors       0x00000000       0x54 C:/Program Files (x86)/Atmel/Studio/7.0/Packs/atmel/ATmega_DFP/1.6.364/gcc/dev/atmega32/avr5/crtatmega32.o
                0x00000000                __vector_default
                0x00000000                __vectors
 *(.vectors)
 *(.progmem.gcc*)
                0x00000054                . = ALIGN (0x2)
                0x00000054                __trampolines_start = .
 *(.trampolines)
 .trampolines   0x00000054        0x0 linker stubs
 *(.trampolines*)
                0x00000054                __trampolines_end = .
 *libprintf_flt.a:*(.progmem.data)
 *libc.a:*(.progmem.data)
 *(.progmem*)
                0x00000054                . = ALIGN (0x2)
 *(.jumptables)
 *(.jumptables*)
 *(.lowtext)
 *(.lowtext*)
                0x00000054                __ctors_start = .
 *(.ctors)
                0x00000054                __ctors_end = .
                0x00000054                __dtors_start = .
 *(.dtors)
                0x00000054                __dtors_end = .
 SORT(*)(.ctors)
 SORT(*)(.dtors)
 *(.init0)
 .init0         0x00000054        0x0 C:/Program Files (x86)/Atmel/Studio/7.0/Packs/atmel/ATmega_DFP/1.6.364/gcc/dev/atmega32/avr5/crtatmega32.o
                0x00000054                __init
 *(.init0)
 *(.init1)
 *(.init1)
 *(.init2)
 .init2         0x00000054        0xc C:/Program Files (x86)/Atmel/Studio/7.0/Packs/atmel/ATmega_DFP/1.6.364/gcc/dev/atmega32/avr5/crtatmega32.o
 *(.init2)
 *(.init3)
 *(.init3)
 *(.init4)
 .init4         0x00000060       0x16 c:/program files (x86)/atmel/studio/7.0/toolchain/avr8/avr8-gnu-toolchain/bin/../lib/gcc/avr/5.4.0/avr5\libgcc.a(_copy_data.o)
                0x00000060                __do_copy_data
 .init4         0x00000076       0x10 c:/program files (x86)/atmel/studio/7.0/toolchain/avr8/avr8-gnu-toolchain/bin/../lib/gcc/avr/5.4.0/avr5\libgcc.a(_clear_bss.o)
                0x00000076                __do_clear_bss
 *(.init4)
 *(.init5)
 *(.init5)
 *(.init6)
 *(.init6)
 *(.init7)
 *(.init7)
 *(.init8)
 *(.init8)
 *(.init9)
 .init9         0x00000086        0x8 C:/Program Files (x86)/Atmel/Studio/7.0/Packs/atmel/ATmega_DFP/1.6.364/gcc/dev/atmega32/avr5/crtatmega32.o
 *(.init9)
 *(.text)
 .text          0x0000008e        0x4 C:/Program Files (x86)/Atmel/Studio/7.0/Packs/atmel/ATmega_DFP/1.6.364/gcc/dev/atmega32/avr5/crtatmega32.o
                0x0000008e                __vector_1
                0x0000008e                __vector_12
                0x0000008e                __bad_interrupt
                0x0000008e                __vector_6
                0x0000008e                __vector_13
                0x0000008e                __vector_17
                0x0000008e                __vector_19
                0x0000008e                __vector_7
                0x0000008e                __vector_5
                0x0000008e                __vector_4
                0x0000008e                __vector_9
                0x0000008e                __vector_15
                0x0000008e                __vector_8
                0x0000008e                __vector_14
                0x0000008e                __vector_16
                0x0000008e                __vector_18
                0x0000008e                __vector_20
                0x00000092                . = ALIGN (0x2)
 *(.text.*)
 .text.BUZZER_Init
                0x00000092        0xc ECU/BUZZER/BUZZER.o
                0x00000092                BUZZER_Init
 .text.BUZZER_ON
                0x0000009e        0xa ECU/BUZZER/BUZZER.o
                0x0000009e                BUZZER_ON
 .text.BUZZER_OFF
                0x000000a8        0xa ECU/BUZZER/BUZZER.o
                0x000000a8                BUZZER_OFF
 .text.LCD_WriteCMD
                0x000000b2       0x80 ECU/LCD/LCD.o
                0x000000b2                LCD_WriteCMD
 .text.LCD_Init
                0x00000132       0xae ECU/LCD/LCD.o
                0x00000132                LCD_Init
 .text.LCD_WriteChar
                0x000001e0       0x80 ECU/LCD/LCD.o
                0x000001e0                LCD_WriteChar
 .text.LCD_WriteString
                0x00000260       0x1a ECU/LCD/LCD.o
                0x00000260                LCD_WriteString
 .text.LCD_WriteNumbers
                0x0000027a       0x3c ECU/LCD/LCD.o
                0x0000027a                LCD_WriteNumbers
 .text.LCD_Clear
                0x000002b6        0x8 ECU/LCD/LCD.o
                0x000002b6                LCD_Clear
 .text.LCD_WriteAtPosition
                0x000002be       0x2a ECU/LCD/LCD.o
                0x000002be                LCD_WriteAtPosition
 .text.SWITCH_Init
                0x000002e8       0x30 ECU/SWITCH/SWITCH.o
                0x000002e8                SWITCH_Init
 .text.SWITCH_Read
                0x00000318       0x2e ECU/SWITCH/SWITCH.o
                0x00000318                SWITCH_Read
 .text.main     0x00000346      0x1d0 main.o
                0x00000346                main
 .text.ADC_Init
                0x00000516       0x48 MCAL/ADC/ADC.o
                0x00000516                ADC_Init
 .text.ADC_ReadChannel_Block
                0x0000055e       0x2e MCAL/ADC/ADC.o
                0x0000055e                ADC_ReadChannel_Block
 .text.DIO_SetDir
                0x0000058c       0xe2 MCAL/DIO/DIO.o
                0x0000058c                DIO_SetDir
 .text.DIO_GetValue
                0x0000066e       0x7e MCAL/DIO/DIO.o
                0x0000066e                DIO_GetValue
 .text.DIO_SetHigh
                0x000006ec       0x68 MCAL/DIO/DIO.o
                0x000006ec                DIO_SetHigh
 .text.DIO_SetLow
                0x00000754       0x70 MCAL/DIO/DIO.o
                0x00000754                DIO_SetLow
 .text.__vector_2
                0x000007c4       0x5a MCAL/EXT_INT/EXT_INT.o
                0x000007c4                __vector_2
 .text.__vector_3
                0x0000081e       0x52 MCAL/EXT_INT/EXT_INT.o
                0x0000081e                __vector_3
 .text.GLOBAL_INTERRUPT_Enable
                0x00000870        0x8 MCAL/EXT_INT/EXT_INT.o
                0x00000870                GLOBAL_INTERRUPT_Enable
 .text.GLOBAL_INTERRUPT_Disable
                0x00000878        0x8 MCAL/EXT_INT/EXT_INT.o
                0x00000878                GLOBAL_INTERRUPT_Disable
 .text.EXT_INTERRUPT0_Init
                0x00000880       0x1c MCAL/EXT_INT/EXT_INT.o
                0x00000880                EXT_INTERRUPT0_Init
 .text.TIMER_Init
                0x0000089c       0x7e MCAL/Timer/TIMER.o
                0x0000089c                TIMER_Init
 .text.TIMER_Set_Counter_Value
                0x0000091a        0x8 MCAL/Timer/TIMER.o
                0x0000091a                TIMER_Set_Counter_Value
 .text.__vector_11
                0x00000922       0x52 MCAL/Timer/TIMER.o
                0x00000922                __vector_11
 .text.SET_TMR0_OC_INT_ISR_Handler
                0x00000974        0xe MCAL/Timer/TIMER.o
                0x00000974                SET_TMR0_OC_INT_ISR_Handler
 .text.__vector_10
                0x00000982       0x52 MCAL/Timer/TIMER.o
                0x00000982                __vector_10
 .text.avr-libc
                0x000009d4       0x16 c:/program files (x86)/atmel/studio/7.0/toolchain/avr8/avr8-gnu-toolchain/bin/../lib/gcc/avr/5.4.0/../../../../avr/lib/avr5\libc.a(ltoa.o)
                0x000009d4                ltoa
                0x000009d4                __ltoa
 .text.avr-libc
                0x000009ea       0x1e c:/program files (x86)/atmel/studio/7.0/toolchain/avr8/avr8-gnu-toolchain/bin/../lib/gcc/avr/5.4.0/../../../../avr/lib/avr5\libc.a(ltoa_ncheck.o)
                0x000009ea                __ltoa_ncheck
 .text.avr-libc
                0x00000a08       0x44 c:/program files (x86)/atmel/studio/7.0/toolchain/avr8/avr8-gnu-toolchain/bin/../lib/gcc/avr/5.4.0/../../../../avr/lib/avr5\libc.a(ultoa_ncheck.o)
                0x00000a08                __ultoa_ncheck
                0x00000a0a                __ultoa_common
 .text.avr-libc
                0x00000a4c       0x20 c:/program files (x86)/atmel/studio/7.0/toolchain/avr8/avr8-gnu-toolchain/bin/../lib/gcc/avr/5.4.0/../../../../avr/lib/avr5\libc.a(strrev.o)
                0x00000a4c                strrev
                0x00000a6c                . = ALIGN (0x2)
 *(.fini9)
 .fini9         0x00000a6c        0x0 c:/program files (x86)/atmel/studio/7.0/toolchain/avr8/avr8-gnu-toolchain/bin/../lib/gcc/avr/5.4.0/avr5\libgcc.a(_exit.o)
                0x00000a6c                _exit
                0x00000a6c                exit
 *(.fini9)
 *(.fini8)
 *(.fini8)
 *(.fini7)
 *(.fini7)
 *(.fini6)
 *(.fini6)
 *(.fini5)
 *(.fini5)
 *(.fini4)
 *(.fini4)
 *(.fini3)
 *(.fini3)
 *(.fini2)
 *(.fini2)
 *(.fini1)
 *(.fini1)
 *(.fini0)
 .fini0         0x00000a6c        0x4 c:/program files (x86)/atmel/studio/7.0/toolchain/avr8/avr8-gnu-toolchain/bin/../lib/gcc/avr/5.4.0/avr5\libgcc.a(_exit.o)
 *(.fini0)
                0x00000a70                _etext = .

.data           0x00800060       0x26 load address 0x00000a70
                0x00800060                PROVIDE (__data_start, .)
 *(.data)
 *(.data*)
 *(.gnu.linkonce.d*)
 *(.rodata)
 *(.rodata*)
 .rodata.str1.1
                0x00800060       0x25 main.o
 *(.gnu.linkonce.r*)
                0x00800086                . = ALIGN (0x2)
 *fill*         0x00800085        0x1 
                0x00800086                _edata = .
                0x00800086                PROVIDE (__data_end, .)

.bss            0x00800086        0xd
                0x00800086                PROVIDE (__bss_start, .)
 *(.bss)
 *(.bss*)
 .bss.counter   0x00800086        0x2 main.o
                0x00800086                counter
 .bss.OVFcounter
                0x00800088        0x1 main.o
 .bss.EXT_INT2_ISR
                0x00800089        0x2 MCAL/EXT_INT/EXT_INT.o
                0x00800089                EXT_INT2_ISR
 .bss.EXT_INT1_ISR
                0x0080008b        0x2 MCAL/EXT_INT/EXT_INT.o
                0x0080008b                EXT_INT1_ISR
 .bss.EXT_INT0_ISR
                0x0080008d        0x2 MCAL/EXT_INT/EXT_INT.o
                0x0080008d                EXT_INT0_ISR
 .bss.TMR0_OC_INT_ISR
                0x0080008f        0x2 MCAL/Timer/TIMER.o
                0x0080008f                TMR0_OC_INT_ISR
 .bss.TMR0_OVF_INT_ISR
                0x00800091        0x2 MCAL/Timer/TIMER.o
                0x00800091                TMR0_OVF_INT_ISR
 *(COMMON)
                0x00800093                PROVIDE (__bss_end, .)
                0x00000a70                __data_load_start = LOADADDR (.data)
                0x00000a96                __data_load_end = (__data_load_start + SIZEOF (.data))

.noinit         0x00800093        0x0
                [!provide]                PROVIDE (__noinit_start, .)
 *(.noinit*)
                [!provide]                PROVIDE (__noinit_end, .)
                0x00800093                _end = .
                [!provide]                PROVIDE (__heap_start, .)

.eeprom         0x00810000        0x0
 *(.eeprom*)
                0x00810000                __eeprom_end = .

.fuse
 *(.fuse)
 *(.lfuse)
 *(.hfuse)
 *(.efuse)

.lock
 *(.lock*)

.signature
 *(.signature*)

.user_signatures
 *(.user_signatures*)

.stab
 *(.stab)

.stabstr
 *(.stabstr)

.stab.excl
 *(.stab.excl)

.stab.exclstr
 *(.stab.exclstr)

.stab.index
 *(.stab.index)

.stab.indexstr
 *(.stab.indexstr)

.comment        0x00000000       0x30
 *(.comment)
 .comment       0x00000000       0x30 ECU/BUZZER/BUZZER.o
                                 0x31 (size before relaxing)
 .comment       0x00000030       0x31 ECU/LCD/LCD.o
 .comment       0x00000030       0x31 ECU/SWITCH/SWITCH.o
 .comment       0x00000030       0x31 main.o
 .comment       0x00000030       0x31 MCAL/ADC/ADC.o
 .comment       0x00000030       0x31 MCAL/DIO/DIO.o
 .comment       0x00000030       0x31 MCAL/EXT_INT/EXT_INT.o
 .comment       0x00000030       0x31 MCAL/Timer/TIMER.o

.note.gnu.avr.deviceinfo
                0x00000000       0x3c
 .note.gnu.avr.deviceinfo
                0x00000000       0x3c C:/Program Files (x86)/Atmel/Studio/7.0/Packs/atmel/ATmega_DFP/1.6.364/gcc/dev/atmega32/avr5/crtatmega32.o

.note.gnu.build-id
 *(.note.gnu.build-id)

.debug
 *(.debug)

.line
 *(.line)

.debug_srcinfo
 *(.debug_srcinfo)

.debug_sfnames
 *(.debug_sfnames)

.debug_aranges  0x00000000      0x218
 *(.debug_aranges)
 .debug_aranges
                0x00000000       0x30 ECU/BUZZER/BUZZER.o
 .debug_aranges
                0x00000030       0x50 ECU/LCD/LCD.o
 .debug_aranges
                0x00000080       0x28 ECU/SWITCH/SWITCH.o
 .debug_aranges
                0x000000a8       0x20 main.o
 .debug_aranges
                0x000000c8       0x58 MCAL/ADC/ADC.o
 .debug_aranges
                0x00000120       0x38 MCAL/DIO/DIO.o
 .debug_aranges
                0x00000158       0x68 MCAL/EXT_INT/EXT_INT.o
 .debug_aranges
                0x000001c0       0x58 MCAL/Timer/TIMER.o

.debug_pubnames
 *(.debug_pubnames)

.debug_info     0x00000000     0x242c
 *(.debug_info .gnu.linkonce.wi.*)
 .debug_info    0x00000000      0x4e6 C:/Program Files (x86)/Atmel/Studio/7.0/Packs/atmel/ATmega_DFP/1.6.364/gcc/dev/atmega32/avr5/crtatmega32.o
 .debug_info    0x000004e6      0x185 ECU/BUZZER/BUZZER.o
 .debug_info    0x0000066b      0x87d ECU/LCD/LCD.o
 .debug_info    0x00000ee8      0x21a ECU/SWITCH/SWITCH.o
 .debug_info    0x00001102      0x896 main.o
 .debug_info    0x00001998      0x300 MCAL/ADC/ADC.o
 .debug_info    0x00001c98      0x1fa MCAL/DIO/DIO.o
 .debug_info    0x00001e92      0x1f5 MCAL/EXT_INT/EXT_INT.o
 .debug_info    0x00002087      0x3a5 MCAL/Timer/TIMER.o

.debug_abbrev   0x00000000      0xcce
 *(.debug_abbrev)
 .debug_abbrev  0x00000000      0x4a3 C:/Program Files (x86)/Atmel/Studio/7.0/Packs/atmel/ATmega_DFP/1.6.364/gcc/dev/atmega32/avr5/crtatmega32.o
 .debug_abbrev  0x000004a3       0x7a ECU/BUZZER/BUZZER.o
 .debug_abbrev  0x0000051d      0x18e ECU/LCD/LCD.o
 .debug_abbrev  0x000006ab       0xd0 ECU/SWITCH/SWITCH.o
 .debug_abbrev  0x0000077b      0x192 main.o
 .debug_abbrev  0x0000090d       0xfc MCAL/ADC/ADC.o
 .debug_abbrev  0x00000a09       0xdb MCAL/DIO/DIO.o
 .debug_abbrev  0x00000ae4       0xbe MCAL/EXT_INT/EXT_INT.o
 .debug_abbrev  0x00000ba2      0x12c MCAL/Timer/TIMER.o

.debug_line     0x00000000     0x10fe
 *(.debug_line .debug_line.* .debug_line_end)
 .debug_line    0x00000000      0x116 C:/Program Files (x86)/Atmel/Studio/7.0/Packs/atmel/ATmega_DFP/1.6.364/gcc/dev/atmega32/avr5/crtatmega32.o
 .debug_line    0x00000116       0x9a ECU/BUZZER/BUZZER.o
 .debug_line    0x000001b0      0x361 ECU/LCD/LCD.o
 .debug_line    0x00000511      0x109 ECU/SWITCH/SWITCH.o
 .debug_line    0x0000061a      0x354 main.o
 .debug_line    0x0000096e      0x208 MCAL/ADC/ADC.o
 .debug_line    0x00000b76      0x1a9 MCAL/DIO/DIO.o
 .debug_line    0x00000d1f      0x1bd MCAL/EXT_INT/EXT_INT.o
 .debug_line    0x00000edc      0x222 MCAL/Timer/TIMER.o

.debug_frame    0x00000000      0x4bc
 *(.debug_frame)
 .debug_frame   0x00000000       0x44 ECU/BUZZER/BUZZER.o
 .debug_frame   0x00000044       0xb0 ECU/LCD/LCD.o
 .debug_frame   0x000000f4       0x34 ECU/SWITCH/SWITCH.o
 .debug_frame   0x00000128       0x34 main.o
 .debug_frame   0x0000015c       0x94 MCAL/ADC/ADC.o
 .debug_frame   0x000001f0       0x54 MCAL/DIO/DIO.o
 .debug_frame   0x00000244      0x144 MCAL/EXT_INT/EXT_INT.o
 .debug_frame   0x00000388      0x134 MCAL/Timer/TIMER.o

.debug_str      0x00000000      0xc3f
 *(.debug_str)
 .debug_str     0x00000000      0x196 C:/Program Files (x86)/Atmel/Studio/7.0/Packs/atmel/ATmega_DFP/1.6.364/gcc/dev/atmega32/avr5/crtatmega32.o
 .debug_str     0x00000196      0x1d8 ECU/BUZZER/BUZZER.o
                                0x1ff (size before relaxing)
 .debug_str     0x0000036e      0x128 ECU/LCD/LCD.o
                                0x2fc (size before relaxing)
 .debug_str     0x00000496       0xc1 ECU/SWITCH/SWITCH.o
                                0x228 (size before relaxing)
 .debug_str     0x00000557      0x2f8 main.o
                                0x585 (size before relaxing)
 .debug_str     0x0000084f      0x1ef MCAL/ADC/ADC.o
                                0x44c (size before relaxing)
 .debug_str     0x00000a3e       0x49 MCAL/DIO/DIO.o
                                0x224 (size before relaxing)
 .debug_str     0x00000a87       0xfb MCAL/EXT_INT/EXT_INT.o
                                0x291 (size before relaxing)
 .debug_str     0x00000b82       0xbd MCAL/Timer/TIMER.o
                                0x44d (size before relaxing)

.debug_loc      0x00000000     0x115f
 *(.debug_loc)
 .debug_loc     0x00000000      0x522 ECU/LCD/LCD.o
 .debug_loc     0x00000522      0x123 ECU/SWITCH/SWITCH.o
 .debug_loc     0x00000645      0x3a0 main.o
 .debug_loc     0x000009e5      0x11b MCAL/ADC/ADC.o
 .debug_loc     0x00000b00      0x271 MCAL/DIO/DIO.o
 .debug_loc     0x00000d71      0x196 MCAL/EXT_INT/EXT_INT.o
 .debug_loc     0x00000f07      0x258 MCAL/Timer/TIMER.o

.debug_macinfo
 *(.debug_macinfo)

.debug_weaknames
 *(.debug_weaknames)

.debug_funcnames
 *(.debug_funcnames)

.debug_typenames
 *(.debug_typenames)

.debug_varnames
 *(.debug_varnames)

.debug_pubtypes
 *(.debug_pubtypes)

.debug_ranges   0x00000000      0x198
 *(.debug_ranges)
 .debug_ranges  0x00000000       0x20 ECU/BUZZER/BUZZER.o
 .debug_ranges  0x00000020       0x40 ECU/LCD/LCD.o
 .debug_ranges  0x00000060       0x18 ECU/SWITCH/SWITCH.o
 .debug_ranges  0x00000078       0x10 main.o
 .debug_ranges  0x00000088       0x48 MCAL/ADC/ADC.o
 .debug_ranges  0x000000d0       0x28 MCAL/DIO/DIO.o
 .debug_ranges  0x000000f8       0x58 MCAL/EXT_INT/EXT_INT.o
 .debug_ranges  0x00000150       0x48 MCAL/Timer/TIMER.o

.debug_macro
 *(.debug_macro)
OUTPUT(GccApplication2.elf elf32-avr)
LOAD linker stubs
